MPLINK 4.44, Linker
Linker Map File - Created Fri Jan 18 10:27:52 2013

                                 Section Info
                  Section       Type    Address   Location Size(Bytes)
                ---------  ---------  ---------  ---------  ---------
               _entry_scn       code   0x000000    program   0x000006
    HIGH_INTERRUPT_VECTOR       code   0x000008    program   0x000006
     LOW_INTERRUPT_VECTOR       code   0x000018    program   0x000006
    REMAPPED_RESET_VECTOR       code   0x001000    program   0x000006
REMAPPED_HIGH_INTERRUPT_VECTOR       code   0x001008    program   0x000006
REMAPPED_LOW_INTERRUPT_VECTOR       code   0x001018    program   0x000006
                   .cinit    romdata   0x00102a    program   0x000026
             .code_main.o       code   0x001050    program   0x001b50
       .code_usb_device.o       code   0x002ba0    program   0x0012a6
.code_FW_CMD_PARSER_KAI.o       code   0x003e46    program   0x001040
 .code_usb_function_cdc.o       code   0x004e86    program   0x0004d6
                   STDLIB       code   0x00535c    program   0x000434
    .code_DATA_TRANSFER.o       code   0x005790    program   0x00034c
                   STRING       code   0x005adc    program   0x0001fe
           .code_stokpr.o       code   0x005cda    program   0x00012c
.romdata_usb_descriptors.o    romdata   0x005e06    program   0x0000c9
      .romdata_fxd1616u.o    romdata   0x005ecf    program   0x000000
      .idata_fxd1616u.o_i    romdata   0x005ecf    program   0x000000
      .romdata_fxd0808u.o    romdata   0x005ecf    program   0x000000
      .idata_fxd0808u.o_i    romdata   0x005ecf    program   0x000000
       .idata_fxm3232.o_i    romdata   0x005ecf    program   0x000000
      .romdata_fxd3232u.o    romdata   0x005ecf    program   0x000000
       .romdata_fxm3232.o    romdata   0x005ecf    program   0x000000
        .idata_t0open.o_i    romdata   0x005ecf    program   0x000000
        .romdata_t0open.o    romdata   0x005ecf    program   0x000000
        .idata_t2open.o_i    romdata   0x005ecf    program   0x000000
        .romdata_t2open.o    romdata   0x005ecf    program   0x000000
      .idata_fxd3232u.o_i    romdata   0x005ecf    program   0x000000
        .idata_t4open.o_i    romdata   0x005ecf    program   0x000000
        .romdata_t4open.o    romdata   0x005ecf    program   0x000000
        .idata_t0read.o_i    romdata   0x005ecf    program   0x000000
        .romdata_t0read.o    romdata   0x005ecf    program   0x000000
      .idata_i2c1writ.o_i    romdata   0x005ecf    program   0x000000
      .romdata_i2c1writ.o    romdata   0x005ecf    program   0x000000
       .idata_t0write.o_i    romdata   0x005ecf    program   0x000000
       .romdata_t0write.o    romdata   0x005ecf    program   0x000000
        .idata___init.o_i    romdata   0x005ecf    program   0x000000
        .romdata___init.o    romdata   0x005ecf    program   0x000000
      .idata_i2c1gets.o_i    romdata   0x005ecf    program   0x000000
      .romdata_i2c1gets.o    romdata   0x005ecf    program   0x000000
      .idata_i2c1read.o_i    romdata   0x005ecf    program   0x000000
      .romdata_i2c1read.o    romdata   0x005ecf    program   0x000000
        .romdata_stokpr.o    romdata   0x005ecf    program   0x000000
          .romdata_main.o    romdata   0x005ecf    program   0x000000
    .romdata_usb_device.o    romdata   0x005ecf    program   0x000000
 .idata_DATA_TRANSFER.o_i    romdata   0x005ecf    program   0x000000
 .romdata_DATA_TRANSFER.o    romdata   0x005ecf    program   0x000000
 .idata_HW_DEFINITION.o_i    romdata   0x005ecf    program   0x000000
 .romdata_HW_DEFINITION.o    romdata   0x005ecf    program   0x000000
    .idata_usb_device.o_i    romdata   0x005ecf    program   0x000000
.romdata_usb_function_cdc.o    romdata   0x005ecf    program   0x000000
.idata_usb_descriptors.o_i    romdata   0x005ecf    program   0x000000
.idata_usb_function_cdc.o_i    romdata   0x005ecf    program   0x000000
       .idata_t0close.o_i    romdata   0x005ecf    program   0x000000
         .idata_c018i.o_i    romdata   0x005ecf    program   0x000000
       .romdata_t0close.o    romdata   0x005ecf    program   0x000000
         .romdata_c018i.o    romdata   0x005ecf    program   0x000000
  .code_usb_descriptors.o       code   0x005ed0    program   0x000000
                     PROG       code   0x005ed0    program   0x0000a4
            .code_c018i.o       code   0x005ed0    program   0x000000
               _cinit_scn       code   0x005f74    program   0x00009e
             .stringtable    romdata   0x006012    program   0x00009a
         .code_i2c1writ.o       code   0x0060ac    program   0x000080
         .code_i2c1gets.o       code   0x00612c    program   0x000076
          .code_fxm3232.o       code   0x0061a2    program   0x000070
         .code_fxd3232u.o       code   0x006212    program   0x000048
           .code_t0read.o       code   0x00625a    program   0x00003e
          .code_t0write.o       code   0x006298    program   0x000038
           .code_t0open.o       code   0x0062d0    program   0x000038
           .code_t4open.o       code   0x006308    program   0x000036
           .code_t2open.o       code   0x00633e    program   0x000036
             D10KTCYXCODE       code   0x006374    program   0x00002e
         .code_fxd1616u.o       code   0x0063a2    program   0x00002c
    .code_HW_DEFINITION.o       code   0x0063ce    program   0x000024
                    .code       code   0x0063f2    program   0x000020
             _startup_scn       code   0x006412    program   0x00001c
         .code_fxd0808u.o       code   0x00642e    program   0x00001c
         .code_i2c1read.o       code   0x00644a    program   0x00001a
.romdata_FW_CMD_PARSER_KAI.o    romdata   0x006464    program   0x000014
          .code_t0close.o       code   0x006478    program   0x000006
           .code___init.o       code   0x00647e    program   0x000002
        .idata_stokpr.o_i    romdata   0x006480    program   0x000002
          .idata_main.o_i    romdata   0x006482    program   0x00004d
.idata_FW_CMD_PARSER_KAI.o_i    romdata   0x0064cf    program   0x000080
     .config_1fff8_main.o    romdata   0x01fff8    program   0x000001
     .config_1fff9_main.o    romdata   0x01fff9    program   0x000001
     .config_1fffa_main.o    romdata   0x01fffa    program   0x000001
     .config_1fffb_main.o    romdata   0x01fffb    program   0x000001
     .config_1fffd_main.o    romdata   0x01fffd    program   0x000001
                MATH_DATA      udata   0x000000       data   0x000014
                 .tmpdata      udata   0x000014       data   0x000006
YourHighPriorityISRCode_tmp      udata   0x00001a       data   0x000002
                DELAYDAT2      udata   0x00001c       data   0x000001
                DELAYDAT1      udata   0x00001d       data   0x000001
            .udata_main.o      udata   0x000060       data   0x000086
.idata_FW_CMD_PARSER_KAI.o      idata   0x000100       data   0x000080
            .idata_main.o      idata   0x000180       data   0x00004d
                  USB_BDT      udata   0x000400       data   0x000040
.udata_usb_function_cdc.o      udata   0x000440       data   0x0000aa
.udata_FW_CMD_PARSER_KAI.o      udata   0x0004ea       data   0x000006
          .idata_stokpr.o      idata   0x0004f0       data   0x000002
                   .stack      udata   0x000e00       data   0x000100
      .udata_usb_device.o      udata   0x000f00       data   0x000035
           .udata_c018i.o      udata   0x000f35       data   0x00000a
          .idata_t0open.o      idata   0x000f3f       data   0x000000
          .udata_t2open.o      udata   0x000f3f       data   0x000000
          .idata_t2open.o      idata   0x000f3f       data   0x000000
          .udata_t4open.o      udata   0x000f3f       data   0x000000
          .idata_t4open.o      idata   0x000f3f       data   0x000000
          .udata_t0read.o      udata   0x000f3f       data   0x000000
          .idata_t0read.o      idata   0x000f3f       data   0x000000
        .udata_i2c1writ.o      udata   0x000f3f       data   0x000000
        .idata_i2c1writ.o      idata   0x000f3f       data   0x000000
         .udata_t0write.o      udata   0x000f3f       data   0x000000
         .idata_t0write.o      idata   0x000f3f       data   0x000000
          .udata___init.o      udata   0x000f3f       data   0x000000
          .idata___init.o      idata   0x000f3f       data   0x000000
        .udata_i2c1gets.o      udata   0x000f3f       data   0x000000
        .idata_i2c1gets.o      idata   0x000f3f       data   0x000000
        .udata_i2c1read.o      udata   0x000f3f       data   0x000000
        .idata_i2c1read.o      idata   0x000f3f       data   0x000000
          .udata_stokpr.o      udata   0x000f3f       data   0x000000
           .idata_c018i.o      idata   0x000f3f       data   0x000000
   .idata_DATA_TRANSFER.o      idata   0x000f3f       data   0x000000
   .udata_HW_DEFINITION.o      udata   0x000f3f       data   0x000000
   .idata_HW_DEFINITION.o      idata   0x000f3f       data   0x000000
   .udata_DATA_TRANSFER.o      udata   0x000f3f       data   0x000000
      .idata_usb_device.o      idata   0x000f3f       data   0x000000
 .udata_usb_descriptors.o      udata   0x000f3f       data   0x000000
 .idata_usb_descriptors.o      idata   0x000f3f       data   0x000000
         .udata_t0close.o      udata   0x000f3f       data   0x000000
         .idata_t0close.o      idata   0x000f3f       data   0x000000
.idata_usb_function_cdc.o      idata   0x000f3f       data   0x000000
        .udata_fxd0808u.o      udata   0x000f3f       data   0x000000
        .idata_fxd0808u.o      idata   0x000f3f       data   0x000000
        .udata_fxd1616u.o      udata   0x000f3f       data   0x000000
        .idata_fxd1616u.o      idata   0x000f3f       data   0x000000
        .udata_fxd3232u.o      udata   0x000f3f       data   0x000000
        .idata_fxd3232u.o      idata   0x000f3f       data   0x000000
         .udata_fxm3232.o      udata   0x000f3f       data   0x000000
         .idata_fxm3232.o      idata   0x000f3f       data   0x000000
          .udata_t0open.o      udata   0x000f3f       data   0x000000
              SFR_BANKED0      udata   0x000f40       data   0x000020
            SFR_UNBANKED0      udata   0x000f60       data   0x0000a0



                              Program Memory Usage 
                               Start         End      
                           ---------   ---------      
                            0x000000    0x000005      
                            0x000008    0x00000d      
                            0x000018    0x00001d      
                            0x001000    0x001005      
                            0x001008    0x00100d      
                            0x001018    0x00101d      
                            0x00102a    0x005ece      
                            0x005ed0    0x00654e      
                            0x01fff8    0x01fffb      
                            0x01fffd    0x01fffd      
            21837 out of 131072 program addresses used, program memory utilization is 16%



                              Symbols - Sorted by Name
                     Name    Address   Location    Storage File                     
                ---------  ---------  ---------  --------- ---------                
           BlinkUSBStatus   0x0027be    program     extern D:\repos\MCU_PIC18_Code\PIC18_G_Sensor_Demo\main.c
                CDCInitEP   0x004f22    program     extern D:\repos\MCU_PIC18_Code\PIC18_G_Sensor_Demo\USB\usb_function_cdc.c
             CDCTxService   0x00520e    program     extern D:\repos\MCU_PIC18_Code\PIC18_G_Sensor_Demo\USB\usb_function_cdc.c
              CloseTimer0   0x006478    program     extern D:\3.43\pic18-lt\cxx-framework\src\pmc_common\Timers\t0close.c
                   D10K_1   0x006380    program     static D:\3.43\pic18-lt\cxx-framework\src\traditional\delays\d10ktcyx.asm
                    D10Kl   0x00638c    program     static D:\3.43\pic18-lt\cxx-framework\src\traditional\delays\d10ktcyx.asm
                    D10Kx   0x00637e    program     static D:\3.43\pic18-lt\cxx-framework\src\traditional\delays\d10ktcyx.asm
                   D3232S   0x005f00    program     static D:\3.43\pic18-lt\cxx-framework\src\traditional\math\fxd3232s.asm
                D3232SNEG   0x005f0e    program     static D:\3.43\pic18-lt\cxx-framework\src\traditional\math\fxd3232s.asm
                 D3232SOK   0x005f0a    program     static D:\3.43\pic18-lt\cxx-framework\src\traditional\math\fxd3232s.asm
                  D3232SX   0x005f2e    program     static D:\3.43\pic18-lt\cxx-framework\src\traditional\math\fxd3232s.asm
                  DA3232S   0x005eea    program     static D:\3.43\pic18-lt\cxx-framework\src\traditional\math\fxd3232s.asm
                DEMO_C802   0x0017c4    program     extern D:\repos\MCU_PIC18_Code\PIC18_G_Sensor_Demo\main.c
                DEMO_C803   0x0012ca    program     extern D:\repos\MCU_PIC18_Code\PIC18_G_Sensor_Demo\main.c
                 DEMO_D10   0x001c8a    program     extern D:\repos\MCU_PIC18_Code\PIC18_G_Sensor_Demo\main.c
             Delay10KTCYx   0x006374    program     extern D:\3.43\pic18-lt\cxx-framework\src\traditional\delays\d10ktcyx.asm
           EraseUserFlash   0x002a14    program     extern D:\repos\MCU_PIC18_Code\PIC18_G_Sensor_Demo\main.c
                 FXD0808U   0x00642e    program     extern D:\3.43\pic18-lt\cxx-framework\src\traditional\math\fxd0808u.c
                 FXD1616U   0x0063a2    program     extern D:\3.43\pic18-lt\cxx-framework\src\traditional\math\fxd1616u.c
                 FXD3232S   0x005ed0    program     extern D:\3.43\pic18-lt\cxx-framework\src\traditional\math\fxd3232s.asm
                 FXD3232U   0x006212    program     extern D:\3.43\pic18-lt\cxx-framework\src\traditional\math\fxd3232u.c
                 FXM1616U   0x005f38    program     extern D:\3.43\pic18-lt\cxx-framework\src\traditional\math\fxm1616u.asm
                  FXM3232   0x0061a2    program     extern D:\3.43\pic18-lt\cxx-framework\src\traditional\math\fxm3232.c
                 High_ISR   0x000008    program     extern D:\repos\MCU_PIC18_Code\PIC18_G_Sensor_Demo\main.c
                 I2C_Init   0x005790    program     extern D:\repos\MCU_PIC18_Code\PIC18_G_Sensor_Demo\mylib\DATA_TRANSFER.c
                 I2C_Read   0x0057a8    program     extern D:\repos\MCU_PIC18_Code\PIC18_G_Sensor_Demo\mylib\DATA_TRANSFER.c
                I2C_Write   0x00585c    program     extern D:\repos\MCU_PIC18_Code\PIC18_G_Sensor_Demo\mylib\DATA_TRANSFER.c
         InitializeSystem   0x00283c    program     static D:\repos\MCU_PIC18_Code\PIC18_G_Sensor_Demo\main.c
                  Low_ISR   0x000018    program     extern D:\repos\MCU_PIC18_Code\PIC18_G_Sensor_Demo\main.c
                 MCU_init   0x0063ce    program     extern D:\repos\MCU_PIC18_Code\PIC18_G_Sensor_Demo\mylib\HW_DEFINITION.c
                  OneByte   0x0055d4    program     static D:\3.43\pic18-lt\cxx-framework\src\traditional\stdclib\itobcd.asm
                  OneByte   0x00577e    program     static D:\3.43\pic18-lt\cxx-framework\src\traditional\stdclib\ltobcd.asm
               OpenTimer0   0x0062d0    program     extern D:\3.43\pic18-lt\cxx-framework\src\pmc_common\Timers\t0open.c
               OpenTimer2   0x00633e    program     extern D:\3.43\pic18-lt\cxx-framework\src\pmc_common\Timers\t2open.c
               OpenTimer4   0x006308    program     extern D:\3.43\pic18-lt\cxx-framework\src\pmc_common\Timers\t4open.c
                ProcLower   0x005588    program     static D:\3.43\pic18-lt\cxx-framework\src\traditional\stdclib\itoa.asm
                ProcLower   0x005716    program     static D:\3.43\pic18-lt\cxx-framework\src\traditional\stdclib\ltoa.asm
                ProcUpper   0x00557e    program     static D:\3.43\pic18-lt\cxx-framework\src\traditional\stdclib\itoa.asm
                ProcUpper   0x00570c    program     static D:\3.43\pic18-lt\cxx-framework\src\traditional\stdclib\ltoa.asm
                ProcessIO   0x001208    program     extern D:\repos\MCU_PIC18_Code\PIC18_G_Sensor_Demo\main.c
             ReadAsicType   0x002a68    program     extern D:\repos\MCU_PIC18_Code\PIC18_G_Sensor_Demo\main.c
                 ReadI2C1   0x00644a    program     extern D:\3.43\pic18-lt\cxx-framework\src\pmc_common\i2c\i2c1read.c
               ReadTimer0   0x00625a    program     extern D:\3.43\pic18-lt\cxx-framework\src\pmc_common\Timers\t0read.c
        Remapped_High_ISR   0x001008    program     extern D:\repos\MCU_PIC18_Code\PIC18_G_Sensor_Demo\main.c
         Remapped_Low_ISR   0x001018    program     extern D:\repos\MCU_PIC18_Code\PIC18_G_Sensor_Demo\main.c
                 SPI_Init   0x005908    program     extern D:\repos\MCU_PIC18_Code\PIC18_G_Sensor_Demo\mylib\DATA_TRANSFER.c
                 SPI_Read   0x00592a    program     extern D:\repos\MCU_PIC18_Code\PIC18_G_Sensor_Demo\mylib\DATA_TRANSFER.c
                SPI_Write   0x0059ea    program     extern D:\repos\MCU_PIC18_Code\PIC18_G_Sensor_Demo\mylib\DATA_TRANSFER.c
                 TstLower   0x005700    program     static D:\3.43\pic18-lt\cxx-framework\src\traditional\stdclib\ltoa.asm
                 TstLower   0x005572    program     static D:\3.43\pic18-lt\cxx-framework\src\traditional\stdclib\itoa.asm
                 TstUpper   0x0056fa    program     static D:\3.43\pic18-lt\cxx-framework\src\traditional\stdclib\ltoa.asm
                 TstUpper   0x00556c    program     static D:\3.43\pic18-lt\cxx-framework\src\traditional\stdclib\itoa.asm
       USBCBCheckOtherReq   0x00292e    program     extern D:\repos\MCU_PIC18_Code\PIC18_G_Sensor_Demo\main.c
        USBCBErrorHandler   0x00292c    program     extern D:\repos\MCU_PIC18_Code\PIC18_G_Sensor_Demo\main.c
              USBCBInitEP   0x002934    program     extern D:\repos\MCU_PIC18_Code\PIC18_G_Sensor_Demo\main.c
          USBCBSendResume   0x002938    program     extern D:\repos\MCU_PIC18_Code\PIC18_G_Sensor_Demo\main.c
    USBCBStdSetDscHandler   0x002932    program     extern D:\repos\MCU_PIC18_Code\PIC18_G_Sensor_Demo\main.c
             USBCBSuspend   0x0028f8    program     extern D:\repos\MCU_PIC18_Code\PIC18_G_Sensor_Demo\main.c
     USBCBWakeFromSuspend   0x0028fa    program     extern D:\repos\MCU_PIC18_Code\PIC18_G_Sensor_Demo\main.c
        USBCB_SOF_Handler   0x0028fc    program     extern D:\repos\MCU_PIC18_Code\PIC18_G_Sensor_Demo\main.c
       USBCDCEventHandler   0x004f88    program     extern D:\repos\MCU_PIC18_Code\PIC18_G_Sensor_Demo\USB\usb_function_cdc.c
              USBCancelIO   0x003074    program     extern D:\repos\MCU_PIC18_Code\PIC18_G_Sensor_Demo\USB\usb_device.c
       USBCheckCDCRequest   0x004e86    program     extern D:\repos\MCU_PIC18_Code\PIC18_G_Sensor_Demo\USB\usb_function_cdc.c
       USBCheckStdRequest   0x003b18    program     static D:\repos\MCU_PIC18_Code\PIC18_G_Sensor_Demo\USB\usb_device.c
     USBConfigureEndpoint   0x00327e    program     static D:\repos\MCU_PIC18_Code\PIC18_G_Sensor_Demo\USB\usb_device.c
  USBCtrlEPAllowDataStage   0x003202    program     extern D:\repos\MCU_PIC18_Code\PIC18_G_Sensor_Demo\USB\usb_device.c
USBCtrlEPAllowStatusStage   0x003160    program     extern D:\repos\MCU_PIC18_Code\PIC18_G_Sensor_Demo\USB\usb_device.c
         USBCtrlEPService   0x0038ec    program     static D:\repos\MCU_PIC18_Code\PIC18_G_Sensor_Demo\USB\usb_device.c
 USBCtrlEPServiceComplete   0x00332a    program     static D:\repos\MCU_PIC18_Code\PIC18_G_Sensor_Demo\USB\usb_device.c
      USBCtrlTrfInHandler   0x003a64    program     static D:\repos\MCU_PIC18_Code\PIC18_G_Sensor_Demo\USB\usb_device.c
     USBCtrlTrfOutHandler   0x003a1a    program     static D:\repos\MCU_PIC18_Code\PIC18_G_Sensor_Demo\USB\usb_device.c
      USBCtrlTrfRxService   0x0034aa    program     static D:\repos\MCU_PIC18_Code\PIC18_G_Sensor_Demo\USB\usb_device.c
   USBCtrlTrfSetupHandler   0x0039bc    program     static D:\repos\MCU_PIC18_Code\PIC18_G_Sensor_Demo\USB\usb_device.c
      USBCtrlTrfTxService   0x0033ec    program     static D:\repos\MCU_PIC18_Code\PIC18_G_Sensor_Demo\USB\usb_device.c
          USBDeviceAttach   0x003130    program     extern D:\repos\MCU_PIC18_Code\PIC18_G_Sensor_Demo\USB\usb_device.c
          USBDeviceDetach   0x003124    program     extern D:\repos\MCU_PIC18_Code\PIC18_G_Sensor_Demo\USB\usb_device.c
            USBDeviceInit   0x002ba0    program     extern D:\repos\MCU_PIC18_Code\PIC18_G_Sensor_Demo\USB\usb_device.c
           USBDeviceTasks   0x002cc0    program     extern D:\repos\MCU_PIC18_Code\PIC18_G_Sensor_Demo\USB\usb_device.c
        USBEnableEndpoint   0x002e38    program     extern D:\repos\MCU_PIC18_Code\PIC18_G_Sensor_Demo\USB\usb_device.c
         USBStallEndpoint   0x002f98    program     extern D:\repos\MCU_PIC18_Code\PIC18_G_Sensor_Demo\USB\usb_device.c
          USBStallHandler   0x00385c    program     static D:\repos\MCU_PIC18_Code\PIC18_G_Sensor_Demo\USB\usb_device.c
  USBStdFeatureReqHandler   0x003bd6    program     static D:\repos\MCU_PIC18_Code\PIC18_G_Sensor_Demo\USB\usb_device.c
      USBStdGetDscHandler   0x0036e0    program     static D:\repos\MCU_PIC18_Code\PIC18_G_Sensor_Demo\USB\usb_device.c
   USBStdGetStatusHandler   0x00379a    program     static D:\repos\MCU_PIC18_Code\PIC18_G_Sensor_Demo\USB\usb_device.c
      USBStdSetCfgHandler   0x0035e8    program     static D:\repos\MCU_PIC18_Code\PIC18_G_Sensor_Demo\USB\usb_device.c
               USBSuspend   0x003890    program     static D:\repos\MCU_PIC18_Code\PIC18_G_Sensor_Demo\USB\usb_device.c
     USBTransferOnePacket   0x002ea6    program     extern D:\repos\MCU_PIC18_Code\PIC18_G_Sensor_Demo\USB\usb_device.c
       USBWakeFromSuspend   0x0038bc    program     static D:\repos\MCU_PIC18_Code\PIC18_G_Sensor_Demo\USB\usb_device.c
               USB_CD_Ptr   0x005ec7    program     extern D:\repos\MCU_PIC18_Code\PIC18_G_Sensor_Demo\USB\usb_descriptors.c
               USB_SD_Ptr   0x005ec9    program     extern D:\repos\MCU_PIC18_Code\PIC18_G_Sensor_Demo\USB\usb_descriptors.c
USER_USB_CALLBACK_EVENT_HANDLER   0x002980    program     extern D:\repos\MCU_PIC18_Code\PIC18_G_Sensor_Demo\main.c
                 UserInit   0x00288a    program     extern D:\repos\MCU_PIC18_Code\PIC18_G_Sensor_Demo\main.c
                WriteI2C1   0x0060ac    program     extern D:\3.43\pic18-lt\cxx-framework\src\pmc_common\i2c\i2c1writ.c
              WriteTimer0   0x006298    program     extern D:\3.43\pic18-lt\cxx-framework\src\pmc_common\Timers\t0write.c
           WriteUserFlash   0x002a36    program     extern D:\repos\MCU_PIC18_Code\PIC18_G_Sensor_Demo\main.c
  YourHighPriorityISRCode   0x001050    program     extern D:\repos\MCU_PIC18_Code\PIC18_G_Sensor_Demo\main.c
   YourLowPriorityISRCode   0x00113c    program     extern D:\repos\MCU_PIC18_Code\PIC18_G_Sensor_Demo\main.c
                  _14jEnd   0x00547a    program     static D:\3.43\pic18-lt\cxx-framework\src\traditional\stdclib\atol.asm
              _2jContinue   0x005afc    program     static D:\3.43\pic18-lt\cxx-framework\src\traditional\stdclib\memset.asm
                   _3jEnd   0x00562a    program     static D:\3.43\pic18-lt\cxx-framework\src\traditional\stdclib\ltoa.asm
                   _3jEnd   0x005b06    program     static D:\3.43\pic18-lt\cxx-framework\src\traditional\stdclib\memset.asm
       _D10KTCYXCODE_0010   0x006384    program     static D:\3.43\pic18-lt\cxx-framework\src\traditional\delays\d10ktcyx.asm
       _D10KTCYXCODE_001C   0x006390    program     static D:\3.43\pic18-lt\cxx-framework\src\traditional\delays\d10ktcyx.asm
         ___else_lbl00038   0x005974    program     static                          
         ___else_lbl00048   0x005a2a    program     static                          
         ___else_lbl00055   0x005aa6    program     static                          
          ___for_lbl00035   0x00599a    program     static                          
          ___for_lbl00036   0x00599e    program     static                          
          ___for_lbl00039   0x005950    program     static                          
          ___for_lbl00045   0x005a50    program     static                          
          ___for_lbl00046   0x005a56    program     static                          
          ___for_lbl00049   0x005a04    program     static                          
          ___for_lbl00052   0x005ab6    program     static                          
          ___for_lbl00053   0x005abc    program     static                          
          ___for_lbl00056   0x005a84    program     static                          
           ___if_lbl00037   0x005976    program     static                          
           ___if_lbl00047   0x005a2c    program     static                          
           ___if_lbl00054   0x005aa8    program     static                          
       ___return_lbl00000   0x001004    program     static                          
       ___return_lbl00000   0x006210    program     static                          
       ___return_lbl00000   0x006258    program     static                          
       ___return_lbl00000   0x006448    program     static                          
       ___return_lbl00000   0x0063cc    program     static                          
       ___return_lbl00000   0x000004    program     static                          
       ___return_lbl00001   0x00642c    program     static                          
       ___return_lbl00001   0x00100c    program     static                          
       ___return_lbl00002   0x006010    program     static                          
       ___return_lbl00002   0x00101c    program     static                          
       ___return_lbl00003   0x00000c    program     static                          
       ___return_lbl00004   0x00001c    program     static                          
       ___return_lbl00034   0x0059e0    program     static                          
       ___return_lbl00044   0x005ac8    program     static                          
       ___return_lbl00229   0x002a34    program     static                          
       ___return_lbl00230   0x002a66    program     static                          
       ___return_lbl00231   0x002a9a    program     static                          
        ___while_lbl00040   0x0059a4    program     static                          
        ___while_lbl00041   0x0059d4    program     static                          
        ___while_lbl00042   0x0059b4    program     static                          
        ___while_lbl00043   0x0059b8    program     static                          
        ___while_lbl00050   0x005a58    program     static                          
        ___while_lbl00051   0x005abe    program     static                          
               __config_0   0x01fff8    program     static D:\repos\MCU_PIC18_Code\PIC18_G_Sensor_Demo\main.c
               __config_1   0x01fff9    program     static D:\repos\MCU_PIC18_Code\PIC18_G_Sensor_Demo\main.c
               __config_2   0x01fffa    program     static D:\repos\MCU_PIC18_Code\PIC18_G_Sensor_Demo\main.c
               __config_3   0x01fffb    program     static D:\repos\MCU_PIC18_Code\PIC18_G_Sensor_Demo\main.c
               __config_4   0x01fffd    program     static D:\repos\MCU_PIC18_Code\PIC18_G_Sensor_Demo\main.c
                   __init   0x00647e    program     extern D:\3.43\pic18-lt\cxx-framework\src\traditional\stdclib\__init.c
                   __pa_0   0x005dd6    program     static D:\3.43\pic18-lt\cxx-framework\src\traditional\stdclib\stokpr.c
                   __pa_1   0x005de4    program     static D:\3.43\pic18-lt\cxx-framework\src\traditional\stdclib\stokpr.c
                   __pa_2   0x005df8    program     static D:\3.43\pic18-lt\cxx-framework\src\traditional\stdclib\stokpr.c
               __string_0   0x0060a8    program     static D:\repos\MCU_PIC18_Code\PIC18_G_Sensor_Demo\mylib\FW_CMD_PARSER_KAI.c
               __string_0   0x00602b    program     static D:\repos\MCU_PIC18_Code\PIC18_G_Sensor_Demo\main.c
               __string_1   0x0060a6    program     static D:\repos\MCU_PIC18_Code\PIC18_G_Sensor_Demo\mylib\FW_CMD_PARSER_KAI.c
               __string_1   0x006022    program     static D:\repos\MCU_PIC18_Code\PIC18_G_Sensor_Demo\main.c
              __string_10   0x006086    program     static D:\repos\MCU_PIC18_Code\PIC18_G_Sensor_Demo\mylib\FW_CMD_PARSER_KAI.c
              __string_11   0x006084    program     static D:\repos\MCU_PIC18_Code\PIC18_G_Sensor_Demo\mylib\FW_CMD_PARSER_KAI.c
              __string_12   0x006082    program     static D:\repos\MCU_PIC18_Code\PIC18_G_Sensor_Demo\mylib\FW_CMD_PARSER_KAI.c
              __string_13   0x00607f    program     static D:\repos\MCU_PIC18_Code\PIC18_G_Sensor_Demo\mylib\FW_CMD_PARSER_KAI.c
              __string_14   0x00607c    program     static D:\repos\MCU_PIC18_Code\PIC18_G_Sensor_Demo\mylib\FW_CMD_PARSER_KAI.c
              __string_15   0x006079    program     static D:\repos\MCU_PIC18_Code\PIC18_G_Sensor_Demo\mylib\FW_CMD_PARSER_KAI.c
              __string_16   0x006075    program     static D:\repos\MCU_PIC18_Code\PIC18_G_Sensor_Demo\mylib\FW_CMD_PARSER_KAI.c
              __string_17   0x006071    program     static D:\repos\MCU_PIC18_Code\PIC18_G_Sensor_Demo\mylib\FW_CMD_PARSER_KAI.c
              __string_18   0x00606d    program     static D:\repos\MCU_PIC18_Code\PIC18_G_Sensor_Demo\mylib\FW_CMD_PARSER_KAI.c
              __string_19   0x006069    program     static D:\repos\MCU_PIC18_Code\PIC18_G_Sensor_Demo\mylib\FW_CMD_PARSER_KAI.c
               __string_2   0x00601d    program     static D:\repos\MCU_PIC18_Code\PIC18_G_Sensor_Demo\main.c
               __string_2   0x0060a4    program     static D:\repos\MCU_PIC18_Code\PIC18_G_Sensor_Demo\mylib\FW_CMD_PARSER_KAI.c
              __string_20   0x006065    program     static D:\repos\MCU_PIC18_Code\PIC18_G_Sensor_Demo\mylib\FW_CMD_PARSER_KAI.c
              __string_21   0x006061    program     static D:\repos\MCU_PIC18_Code\PIC18_G_Sensor_Demo\mylib\FW_CMD_PARSER_KAI.c
              __string_22   0x00605d    program     static D:\repos\MCU_PIC18_Code\PIC18_G_Sensor_Demo\mylib\FW_CMD_PARSER_KAI.c
              __string_23   0x006059    program     static D:\repos\MCU_PIC18_Code\PIC18_G_Sensor_Demo\mylib\FW_CMD_PARSER_KAI.c
              __string_24   0x006055    program     static D:\repos\MCU_PIC18_Code\PIC18_G_Sensor_Demo\mylib\FW_CMD_PARSER_KAI.c
              __string_25   0x006051    program     static D:\repos\MCU_PIC18_Code\PIC18_G_Sensor_Demo\mylib\FW_CMD_PARSER_KAI.c
              __string_26   0x00604d    program     static D:\repos\MCU_PIC18_Code\PIC18_G_Sensor_Demo\mylib\FW_CMD_PARSER_KAI.c
              __string_27   0x006049    program     static D:\repos\MCU_PIC18_Code\PIC18_G_Sensor_Demo\mylib\FW_CMD_PARSER_KAI.c
              __string_28   0x006044    program     static D:\repos\MCU_PIC18_Code\PIC18_G_Sensor_Demo\mylib\FW_CMD_PARSER_KAI.c
              __string_29   0x006040    program     static D:\repos\MCU_PIC18_Code\PIC18_G_Sensor_Demo\mylib\FW_CMD_PARSER_KAI.c
               __string_3   0x00609c    program     static D:\repos\MCU_PIC18_Code\PIC18_G_Sensor_Demo\mylib\FW_CMD_PARSER_KAI.c
               __string_3   0x00601b    program     static D:\repos\MCU_PIC18_Code\PIC18_G_Sensor_Demo\main.c
              __string_30   0x00603c    program     static D:\repos\MCU_PIC18_Code\PIC18_G_Sensor_Demo\mylib\FW_CMD_PARSER_KAI.c
              __string_31   0x006038    program     static D:\repos\MCU_PIC18_Code\PIC18_G_Sensor_Demo\mylib\FW_CMD_PARSER_KAI.c
              __string_32   0x006034    program     static D:\repos\MCU_PIC18_Code\PIC18_G_Sensor_Demo\mylib\FW_CMD_PARSER_KAI.c
              __string_33   0x006032    program     static D:\repos\MCU_PIC18_Code\PIC18_G_Sensor_Demo\mylib\FW_CMD_PARSER_KAI.c
               __string_4   0x006095    program     static D:\repos\MCU_PIC18_Code\PIC18_G_Sensor_Demo\mylib\FW_CMD_PARSER_KAI.c
               __string_4   0x006019    program     static D:\repos\MCU_PIC18_Code\PIC18_G_Sensor_Demo\main.c
               __string_5   0x006093    program     static D:\repos\MCU_PIC18_Code\PIC18_G_Sensor_Demo\mylib\FW_CMD_PARSER_KAI.c
               __string_5   0x006017    program     static D:\repos\MCU_PIC18_Code\PIC18_G_Sensor_Demo\main.c
               __string_6   0x006091    program     static D:\repos\MCU_PIC18_Code\PIC18_G_Sensor_Demo\mylib\FW_CMD_PARSER_KAI.c
               __string_6   0x006012    program     static D:\repos\MCU_PIC18_Code\PIC18_G_Sensor_Demo\main.c
               __string_7   0x00608f    program     static D:\repos\MCU_PIC18_Code\PIC18_G_Sensor_Demo\mylib\FW_CMD_PARSER_KAI.c
               __string_8   0x00608c    program     static D:\repos\MCU_PIC18_Code\PIC18_G_Sensor_Demo\mylib\FW_CMD_PARSER_KAI.c
               __string_9   0x006089    program     static D:\repos\MCU_PIC18_Code\PIC18_G_Sensor_Demo\mylib\FW_CMD_PARSER_KAI.c
               __tmplbl_6   0x005962    program     static                          
               __tmplbl_7   0x005a18    program     static                          
               __tmplbl_8   0x005a98    program     static                          
            __zero_memory   0x0063f2    program     extern D:\3.43\pic18-lt\cxx-framework\src\traditional\proc\p18f87j50.asm
               _az_parser   0x004862    program     extern D:\repos\MCU_PIC18_Code\PIC18_G_Sensor_Demo\mylib\FW_CMD_PARSER_KAI.c
                _c_parser   0x0049b0    program     extern D:\repos\MCU_PIC18_Code\PIC18_G_Sensor_Demo\mylib\FW_CMD_PARSER_KAI.c
           _change_device   0x004c98    program     extern D:\repos\MCU_PIC18_Code\PIC18_G_Sensor_Demo\mylib\FW_CMD_PARSER_KAI.c
                _do_cinit   0x005f74    program     extern D:\3.43\pic18-lt\cxx-framework\src\traditional\startup\c018i.c
                   _entry   0x000000    program     extern D:\3.43\pic18-lt\cxx-framework\src\traditional\startup\c018i.c
                   _false   0x006254    program     static                          
               _hexstrtol   0x004ca6    program     extern D:\repos\MCU_PIC18_Code\PIC18_G_Sensor_Demo\mylib\FW_CMD_PARSER_KAI.c
                _i_parser   0x0048ea    program     extern D:\repos\MCU_PIC18_Code\PIC18_G_Sensor_Demo\mylib\FW_CMD_PARSER_KAI.c
               _mw_parser   0x004b64    program     extern D:\repos\MCU_PIC18_Code\PIC18_G_Sensor_Demo\mylib\FW_CMD_PARSER_KAI.c
           _normal_parser   0x004098    program     extern D:\repos\MCU_PIC18_Code\PIC18_G_Sensor_Demo\mylib\FW_CMD_PARSER_KAI.c
                _o_parser   0x004474    program     extern D:\repos\MCU_PIC18_Code\PIC18_G_Sensor_Demo\mylib\FW_CMD_PARSER_KAI.c
               _ow_parser   0x004588    program     extern D:\repos\MCU_PIC18_Code\PIC18_G_Sensor_Demo\mylib\FW_CMD_PARSER_KAI.c
                _q_parser   0x003f8c    program     extern D:\repos\MCU_PIC18_Code\PIC18_G_Sensor_Demo\mylib\FW_CMD_PARSER_KAI.c
                _r_parser   0x0040a6    program     extern D:\repos\MCU_PIC18_Code\PIC18_G_Sensor_Demo\mylib\FW_CMD_PARSER_KAI.c
                   _reset   0x001000    program     extern D:\repos\MCU_PIC18_Code\PIC18_G_Sensor_Demo\main.c
               _rt_parser   0x00468c    program     extern D:\repos\MCU_PIC18_Code\PIC18_G_Sensor_Demo\mylib\FW_CMD_PARSER_KAI.c
          _standby_parser   0x00408a    program     extern D:\repos\MCU_PIC18_Code\PIC18_G_Sensor_Demo\mylib\FW_CMD_PARSER_KAI.c
                 _startup   0x006412    program     extern D:\3.43\pic18-lt\cxx-framework\src\traditional\startup\c018i.c
                _w_parser   0x004324    program     extern D:\repos\MCU_PIC18_Code\PIC18_G_Sensor_Demo\mylib\FW_CMD_PARSER_KAI.c
                     atol   0x00535c    program     extern D:\3.43\pic18-lt\cxx-framework\src\traditional\stdclib\atol.asm
                compare_l   0x006408    program     static D:\3.43\pic18-lt\cxx-framework\src\traditional\proc\p18f87j50.asm
        configDescriptor1   0x005e18    program     extern D:\repos\MCU_PIC18_Code\PIC18_G_Sensor_Demo\USB\usb_descriptors.c
            configure_num   0x006465    program     extern D:\repos\MCU_PIC18_Code\PIC18_G_Sensor_Demo\mylib\FW_CMD_PARSER_KAI.c
                copy_loop   0x005fe6    program     static                          
            copy_one_byte   0x005fec    program     static                          
        default_configure   0x006466    program     extern D:\repos\MCU_PIC18_Code\PIC18_G_Sensor_Demo\mylib\FW_CMD_PARSER_KAI.c
               device_dsc   0x005e06    program     extern D:\repos\MCU_PIC18_Code\PIC18_G_Sensor_Demo\USB\usb_descriptors.c
                     done   0x006010    program     static                          
             done_copying   0x005ffa    program     static                          
                  endloop   0x0063c8    program     static                          
                  endloop   0x006444    program     static                          
               fw_cmd_num   0x006464    program     extern D:\repos\MCU_PIC18_Code\PIC18_G_Sensor_Demo\mylib\FW_CMD_PARSER_KAI.c
                 getsI2C1   0x00612c    program     extern D:\3.43\pic18-lt\cxx-framework\src\pmc_common\i2c\i2c1gets.c
             getsUSBUSART   0x005012    program     extern D:\repos\MCU_PIC18_Code\PIC18_G_Sensor_Demo\USB\usb_function_cdc.c
                   itoBCD   0x005592    program     extern D:\3.43\pic18-lt\cxx-framework\src\traditional\stdclib\itobcd.asm
                     itoa   0x0054b2    program     extern D:\3.43\pic18-lt\cxx-framework\src\traditional\stdclib\itoa.asm
                     jDo1   0x0056c6    program     static D:\3.43\pic18-lt\cxx-framework\src\traditional\stdclib\ltoa.asm
                     jDo1   0x005538    program     static D:\3.43\pic18-lt\cxx-framework\src\traditional\stdclib\itoa.asm
                    jDo10   0x0056a2    program     static D:\3.43\pic18-lt\cxx-framework\src\traditional\stdclib\ltoa.asm
                     jDo2   0x0056c2    program     static D:\3.43\pic18-lt\cxx-framework\src\traditional\stdclib\ltoa.asm
                     jDo2   0x005534    program     static D:\3.43\pic18-lt\cxx-framework\src\traditional\stdclib\itoa.asm
                     jDo3   0x0056be    program     static D:\3.43\pic18-lt\cxx-framework\src\traditional\stdclib\ltoa.asm
                     jDo3   0x005530    program     static D:\3.43\pic18-lt\cxx-framework\src\traditional\stdclib\itoa.asm
                     jDo4   0x00552c    program     static D:\3.43\pic18-lt\cxx-framework\src\traditional\stdclib\itoa.asm
                     jDo4   0x0056ba    program     static D:\3.43\pic18-lt\cxx-framework\src\traditional\stdclib\ltoa.asm
                     jDo5   0x005528    program     static D:\3.43\pic18-lt\cxx-framework\src\traditional\stdclib\itoa.asm
                     jDo5   0x0056b6    program     static D:\3.43\pic18-lt\cxx-framework\src\traditional\stdclib\ltoa.asm
                     jDo6   0x0056b2    program     static D:\3.43\pic18-lt\cxx-framework\src\traditional\stdclib\ltoa.asm
                     jDo7   0x0056ae    program     static D:\3.43\pic18-lt\cxx-framework\src\traditional\stdclib\ltoa.asm
                     jDo8   0x0056aa    program     static D:\3.43\pic18-lt\cxx-framework\src\traditional\stdclib\ltoa.asm
                     jDo9   0x0056a6    program     static D:\3.43\pic18-lt\cxx-framework\src\traditional\stdclib\ltoa.asm
                     jEnd   0x0055d0    program     static D:\3.43\pic18-lt\cxx-framework\src\traditional\stdclib\itobcd.asm
                     jEnd   0x005b0e    program     static D:\3.43\pic18-lt\cxx-framework\src\traditional\stdclib\memset.asm
                     jEnd   0x005c5a    program     static D:\3.43\pic18-lt\cxx-framework\src\traditional\stdclib\strchr.asm
                     jEnd   0x005c98    program     static D:\3.43\pic18-lt\cxx-framework\src\traditional\stdclib\spbrkrp.asm
                     jEnd   0x00577a    program     static D:\3.43\pic18-lt\cxx-framework\src\traditional\stdclib\ltobcd.asm
                     jEnd   0x005b8e    program     static D:\3.43\pic18-lt\cxx-framework\src\traditional\stdclib\scatp2r.asm
                     jEnd   0x005c32    program     static D:\3.43\pic18-lt\cxx-framework\src\traditional\stdclib\strlwr.asm
                     jEnd   0x005c08    program     static D:\3.43\pic18-lt\cxx-framework\src\traditional\stdclib\strlen.asm
                     jEnd   0x005bba    program     static D:\3.43\pic18-lt\cxx-framework\src\traditional\stdclib\scmpp2r.asm
                     jEnd   0x005bec    program     static D:\3.43\pic18-lt\cxx-framework\src\traditional\stdclib\scpyp2r.asm
                     jEnd   0x00547a    program     static D:\3.43\pic18-lt\cxx-framework\src\traditional\stdclib\atol.asm
                 jEndLoop   0x00544a    program     static D:\3.43\pic18-lt\cxx-framework\src\traditional\stdclib\atol.asm
                  jInner1   0x005cd0    program     static D:\3.43\pic18-lt\cxx-framework\src\traditional\stdclib\sspnrp.asm
                  jInner1   0x005c8a    program     static D:\3.43\pic18-lt\cxx-framework\src\traditional\stdclib\spbrkrp.asm
               jInnerLoop   0x005cc6    program     static D:\3.43\pic18-lt\cxx-framework\src\traditional\stdclib\sspnrp.asm
               jInnerLoop   0x005c7e    program     static D:\3.43\pic18-lt\cxx-framework\src\traditional\stdclib\spbrkrp.asm
                    jLoop   0x00573c    program     static D:\3.43\pic18-lt\cxx-framework\src\traditional\stdclib\ltobcd.asm
                    jLoop   0x005c40    program     static D:\3.43\pic18-lt\cxx-framework\src\traditional\stdclib\strchr.asm
                    jLoop   0x005c1e    program     static D:\3.43\pic18-lt\cxx-framework\src\traditional\stdclib\strlwr.asm
                    jLoop   0x005bfe    program     static D:\3.43\pic18-lt\cxx-framework\src\traditional\stdclib\strlen.asm
                    jLoop   0x0053bc    program     static D:\3.43\pic18-lt\cxx-framework\src\traditional\stdclib\atol.asm
                    jLoop   0x005be2    program     static D:\3.43\pic18-lt\cxx-framework\src\traditional\stdclib\scpyp2r.asm
                    jLoop   0x005bae    program     static D:\3.43\pic18-lt\cxx-framework\src\traditional\stdclib\scmpp2r.asm
                    jLoop   0x005b84    program     static D:\3.43\pic18-lt\cxx-framework\src\traditional\stdclib\scatp2r.asm
                    jLoop   0x005af0    program     static D:\3.43\pic18-lt\cxx-framework\src\traditional\stdclib\memset.asm
                    jLoop   0x005b3e    program     static D:\3.43\pic18-lt\cxx-framework\src\traditional\stdclib\strcat.asm
                    jLoop   0x0055aa    program     static D:\3.43\pic18-lt\cxx-framework\src\traditional\stdclib\itobcd.asm
                   jMatch   0x005c52    program     static D:\3.43\pic18-lt\cxx-framework\src\traditional\stdclib\strchr.asm
                   jMatch   0x005c90    program     static D:\3.43\pic18-lt\cxx-framework\src\traditional\stdclib\spbrkrp.asm
                 jNoMatch   0x005cd8    program     static D:\3.43\pic18-lt\cxx-framework\src\traditional\stdclib\sspnrp.asm
                    jNull   0x005cd8    program     static D:\3.43\pic18-lt\cxx-framework\src\traditional\stdclib\sspnrp.asm
                    jNull   0x005c9a    program     static D:\3.43\pic18-lt\cxx-framework\src\traditional\stdclib\spbrkrp.asm
                jNullLoop   0x005b7e    program     static D:\3.43\pic18-lt\cxx-framework\src\traditional\stdclib\scatp2r.asm
                jNullLoop   0x005b38    program     static D:\3.43\pic18-lt\cxx-framework\src\traditional\stdclib\strcat.asm
               jOuterLoop   0x005cb4    program     static D:\3.43\pic18-lt\cxx-framework\src\traditional\stdclib\sspnrp.asm
               jOuterLoop   0x005c6c    program     static D:\3.43\pic18-lt\cxx-framework\src\traditional\stdclib\spbrkrp.asm
                    jSkip   0x005c2e    program     static D:\3.43\pic18-lt\cxx-framework\src\traditional\stdclib\strlwr.asm
                  jSkipWS   0x005392    program     static D:\3.43\pic18-lt\cxx-framework\src\traditional\stdclib\atol.asm
                 jSkipWS1   0x0053a4    program     static D:\3.43\pic18-lt\cxx-framework\src\traditional\stdclib\atol.asm
                jTstLowZ1   0x00570a    program     static D:\3.43\pic18-lt\cxx-framework\src\traditional\stdclib\ltoa.asm
                jTstLowZ1   0x00557c    program     static D:\3.43\pic18-lt\cxx-framework\src\traditional\stdclib\itoa.asm
                 jTstSign   0x0053a8    program     static D:\3.43\pic18-lt\cxx-framework\src\traditional\stdclib\atol.asm
                jTstSign1   0x0054de    program     static D:\3.43\pic18-lt\cxx-framework\src\traditional\stdclib\itoa.asm
                jTstSign1   0x0053b4    program     static D:\3.43\pic18-lt\cxx-framework\src\traditional\stdclib\atol.asm
                jTstSign1   0x00562a    program     static D:\3.43\pic18-lt\cxx-framework\src\traditional\stdclib\ltoa.asm
                jTstSign2   0x0053ba    program     static D:\3.43\pic18-lt\cxx-framework\src\traditional\stdclib\atol.asm
                jTstSign3   0x0053bc    program     static D:\3.43\pic18-lt\cxx-framework\src\traditional\stdclib\atol.asm
                     loop   0x006422    program     static                          
                     loop   0x006220    program     static                          
                     loop   0x0063ac    program     static                          
                     loop   0x006436    program     static                          
                   loop_h   0x006400    program     static D:\3.43\pic18-lt\cxx-framework\src\traditional\proc\p18f87j50.asm
                   loop_l   0x00640a    program     static D:\3.43\pic18-lt\cxx-framework\src\traditional\proc\p18f87j50.asm
                   ltoBCD   0x005720    program     extern D:\3.43\pic18-lt\cxx-framework\src\traditional\stdclib\ltobcd.asm
                     ltoa   0x0055e6    program     extern D:\3.43\pic18-lt\cxx-framework\src\traditional\stdclib\ltoa.asm
               mFreqT0cki   0x00272e    program     extern D:\repos\MCU_PIC18_Code\PIC18_G_Sensor_Demo\main.c
                     main   0x00115e    program     extern D:\repos\MCU_PIC18_Code\PIC18_G_Sensor_Demo\main.c
                   memset   0x005adc    program     extern D:\3.43\pic18-lt\cxx-framework\src\traditional\stdclib\memset.asm
             parseCommand   0x003e46    program     extern D:\repos\MCU_PIC18_Code\PIC18_G_Sensor_Demo\mylib\FW_CMD_PARSER_KAI.c
            program_flash   0x002a4e    program     static                          
              putUSBUSART   0x0050d2    program     extern D:\repos\MCU_PIC18_Code\PIC18_G_Sensor_Demo\USB\usb_function_cdc.c
            putrsUSBUSART   0x005188    program     extern D:\repos\MCU_PIC18_Code\PIC18_G_Sensor_Demo\USB\usb_function_cdc.c
             putsUSBUSART   0x005104    program     extern D:\repos\MCU_PIC18_Code\PIC18_G_Sensor_Demo\USB\usb_function_cdc.c
                    sd000   0x005e5b    program     extern D:\repos\MCU_PIC18_Code\PIC18_G_Sensor_Demo\USB\usb_descriptors.c
                    sd001   0x005e5f    program     extern D:\repos\MCU_PIC18_Code\PIC18_G_Sensor_Demo\USB\usb_descriptors.c
                    sd002   0x005e93    program     extern D:\repos\MCU_PIC18_Code\PIC18_G_Sensor_Demo\USB\usb_descriptors.c
                   strcat   0x005b10    program     extern D:\3.43\pic18-lt\cxx-framework\src\traditional\stdclib\strcat.asm
            strcatpgm2ram   0x005b58    program     extern D:\3.43\pic18-lt\cxx-framework\src\traditional\stdclib\scatp2r.asm
                   strchr   0x005c34    program     extern D:\3.43\pic18-lt\cxx-framework\src\traditional\stdclib\strchr.asm
            strcmppgm2ram   0x005b90    program     extern D:\3.43\pic18-lt\cxx-framework\src\traditional\stdclib\scmpp2r.asm
            strcpypgm2ram   0x005bbc    program     extern D:\3.43\pic18-lt\cxx-framework\src\traditional\stdclib\scpyp2r.asm
                   strlen   0x005bee    program     extern D:\3.43\pic18-lt\cxx-framework\src\traditional\stdclib\strlen.asm
                   strlwr   0x005c0a    program     extern D:\3.43\pic18-lt\cxx-framework\src\traditional\stdclib\strlwr.asm
            strpbrkrampgm   0x005c5c    program     extern D:\3.43\pic18-lt\cxx-framework\src\traditional\stdclib\spbrkrp.asm
             strspnrampgm   0x005ca0    program     extern D:\3.43\pic18-lt\cxx-framework\src\traditional\stdclib\sspnrp.asm
             strtokpgmram   0x005cda    program     extern D:\3.43\pic18-lt\cxx-framework\src\traditional\stdclib\stokpr.c
             sw2_function   0x002aec    program     extern D:\repos\MCU_PIC18_Code\PIC18_G_Sensor_Demo\main.c
           sw2_push_check   0x002aae    program     extern D:\repos\MCU_PIC18_Code\PIC18_G_Sensor_Demo\main.c
                     test   0x005f8e    program     static                          
               zero_block   0x006400    program     static D:\3.43\pic18-lt\cxx-framework\src\traditional\proc\p18f87j50.asm
                   ADCON0   0x000fc2       data     extern D:\3.43\pic18-lt\cxx-framework\src\traditional\proc\p18f87j50.asm
               ADCON0bits   0x000fc2       data     extern D:\3.43\pic18-lt\cxx-framework\src\traditional\proc\p18f87j50.asm
                   ADCON1   0x000fc1       data     extern D:\3.43\pic18-lt\cxx-framework\src\traditional\proc\p18f87j50.asm
               ADCON1bits   0x000fc1       data     extern D:\3.43\pic18-lt\cxx-framework\src\traditional\proc\p18f87j50.asm
                    ADRES   0x000fc3       data     extern D:\3.43\pic18-lt\cxx-framework\src\traditional\proc\p18f87j50.asm
                   ADRESH   0x000fc4       data     extern D:\3.43\pic18-lt\cxx-framework\src\traditional\proc\p18f87j50.asm
                   ADRESL   0x000fc3       data     extern D:\3.43\pic18-lt\cxx-framework\src\traditional\proc\p18f87j50.asm
                   ANCON0   0x000fc1       data     extern D:\3.43\pic18-lt\cxx-framework\src\traditional\proc\p18f87j50.asm
               ANCON0bits   0x000fc1       data     extern D:\3.43\pic18-lt\cxx-framework\src\traditional\proc\p18f87j50.asm
                   ANCON1   0x000fc2       data     extern D:\3.43\pic18-lt\cxx-framework\src\traditional\proc\p18f87j50.asm
               ANCON1bits   0x000fc2       data     extern D:\3.43\pic18-lt\cxx-framework\src\traditional\proc\p18f87j50.asm
                ASIC_TYPE   0x000060       data     extern D:\repos\MCU_PIC18_Code\PIC18_G_Sensor_Demo\main.c
                  BAUDCON   0x000f7e       data     extern D:\3.43\pic18-lt\cxx-framework\src\traditional\proc\p18f87j50.asm
                 BAUDCON1   0x000f7e       data     extern D:\3.43\pic18-lt\cxx-framework\src\traditional\proc\p18f87j50.asm
             BAUDCON1bits   0x000f7e       data     extern D:\3.43\pic18-lt\cxx-framework\src\traditional\proc\p18f87j50.asm
                 BAUDCON2   0x000f7c       data     extern D:\3.43\pic18-lt\cxx-framework\src\traditional\proc\p18f87j50.asm
             BAUDCON2bits   0x000f7c       data     extern D:\3.43\pic18-lt\cxx-framework\src\traditional\proc\p18f87j50.asm
              BAUDCONbits   0x000f7e       data     extern D:\3.43\pic18-lt\cxx-framework\src\traditional\proc\p18f87j50.asm
                      BDT   0x000400       data     extern D:\repos\MCU_PIC18_Code\PIC18_G_Sensor_Demo\USB\usb_device.c
                      BSR   0x000fe0       data     extern D:\3.43\pic18-lt\cxx-framework\src\traditional\proc\p18f87j50.asm
              BaudRateGen   0x0004de       data     extern D:\repos\MCU_PIC18_Code\PIC18_G_Sensor_Demo\USB\usb_function_cdc.c
       BothEP0OutUOWNsSet   0x000f28       data     extern D:\repos\MCU_PIC18_Code\PIC18_G_Sensor_Demo\USB\usb_device.c
                  CCP1CON   0x000fbb       data     extern D:\3.43\pic18-lt\cxx-framework\src\traditional\proc\p18f87j50.asm
              CCP1CONbits   0x000fbb       data     extern D:\3.43\pic18-lt\cxx-framework\src\traditional\proc\p18f87j50.asm
                  CCP2CON   0x000fb6       data     extern D:\3.43\pic18-lt\cxx-framework\src\traditional\proc\p18f87j50.asm
              CCP2CONbits   0x000fb6       data     extern D:\3.43\pic18-lt\cxx-framework\src\traditional\proc\p18f87j50.asm
                  CCP3CON   0x000fb1       data     extern D:\3.43\pic18-lt\cxx-framework\src\traditional\proc\p18f87j50.asm
              CCP3CONbits   0x000fb1       data     extern D:\3.43\pic18-lt\cxx-framework\src\traditional\proc\p18f87j50.asm
                  CCP4CON   0x000f73       data     extern D:\3.43\pic18-lt\cxx-framework\src\traditional\proc\p18f87j50.asm
              CCP4CONbits   0x000f73       data     extern D:\3.43\pic18-lt\cxx-framework\src\traditional\proc\p18f87j50.asm
                  CCP5CON   0x000f70       data     extern D:\3.43\pic18-lt\cxx-framework\src\traditional\proc\p18f87j50.asm
              CCP5CONbits   0x000f70       data     extern D:\3.43\pic18-lt\cxx-framework\src\traditional\proc\p18f87j50.asm
                    CCPR1   0x000fbc       data     extern D:\3.43\pic18-lt\cxx-framework\src\traditional\proc\p18f87j50.asm
                   CCPR1H   0x000fbd       data     extern D:\3.43\pic18-lt\cxx-framework\src\traditional\proc\p18f87j50.asm
                   CCPR1L   0x000fbc       data     extern D:\3.43\pic18-lt\cxx-framework\src\traditional\proc\p18f87j50.asm
                    CCPR2   0x000fb7       data     extern D:\3.43\pic18-lt\cxx-framework\src\traditional\proc\p18f87j50.asm
                   CCPR2H   0x000fb8       data     extern D:\3.43\pic18-lt\cxx-framework\src\traditional\proc\p18f87j50.asm
                   CCPR2L   0x000fb7       data     extern D:\3.43\pic18-lt\cxx-framework\src\traditional\proc\p18f87j50.asm
                    CCPR3   0x000fb2       data     extern D:\3.43\pic18-lt\cxx-framework\src\traditional\proc\p18f87j50.asm
                   CCPR3H   0x000fb3       data     extern D:\3.43\pic18-lt\cxx-framework\src\traditional\proc\p18f87j50.asm
                   CCPR3L   0x000fb2       data     extern D:\3.43\pic18-lt\cxx-framework\src\traditional\proc\p18f87j50.asm
                    CCPR4   0x000f74       data     extern D:\3.43\pic18-lt\cxx-framework\src\traditional\proc\p18f87j50.asm
                   CCPR4H   0x000f75       data     extern D:\3.43\pic18-lt\cxx-framework\src\traditional\proc\p18f87j50.asm
                   CCPR4L   0x000f74       data     extern D:\3.43\pic18-lt\cxx-framework\src\traditional\proc\p18f87j50.asm
                    CCPR5   0x000f71       data     extern D:\3.43\pic18-lt\cxx-framework\src\traditional\proc\p18f87j50.asm
                   CCPR5H   0x000f72       data     extern D:\3.43\pic18-lt\cxx-framework\src\traditional\proc\p18f87j50.asm
                   CCPR5L   0x000f71       data     extern D:\3.43\pic18-lt\cxx-framework\src\traditional\proc\p18f87j50.asm
          CDCDataInHandle   0x0004db       data     extern D:\repos\MCU_PIC18_Code\PIC18_G_Sensor_Demo\USB\usb_function_cdc.c
         CDCDataOutHandle   0x0004d9       data     extern D:\repos\MCU_PIC18_Code\PIC18_G_Sensor_Demo\USB\usb_function_cdc.c
                   CM1CON   0x000fd2       data     extern D:\3.43\pic18-lt\cxx-framework\src\traditional\proc\p18f87j50.asm
                  CM1CON1   0x000fd2       data     extern D:\3.43\pic18-lt\cxx-framework\src\traditional\proc\p18f87j50.asm
              CM1CON1bits   0x000fd2       data     extern D:\3.43\pic18-lt\cxx-framework\src\traditional\proc\p18f87j50.asm
               CM1CONbits   0x000fd2       data     extern D:\3.43\pic18-lt\cxx-framework\src\traditional\proc\p18f87j50.asm
                   CM2CON   0x000fd1       data     extern D:\3.43\pic18-lt\cxx-framework\src\traditional\proc\p18f87j50.asm
                  CM2CON1   0x000fd1       data     extern D:\3.43\pic18-lt\cxx-framework\src\traditional\proc\p18f87j50.asm
              CM2CON1bits   0x000fd1       data     extern D:\3.43\pic18-lt\cxx-framework\src\traditional\proc\p18f87j50.asm
               CM2CONbits   0x000fd1       data     extern D:\3.43\pic18-lt\cxx-framework\src\traditional\proc\p18f87j50.asm
                   CMSTAT   0x000f6a       data     extern D:\3.43\pic18-lt\cxx-framework\src\traditional\proc\p18f87j50.asm
                 CMSTATUS   0x000f6a       data     extern D:\3.43\pic18-lt\cxx-framework\src\traditional\proc\p18f87j50.asm
             CMSTATUSbits   0x000f6a       data     extern D:\3.43\pic18-lt\cxx-framework\src\traditional\proc\p18f87j50.asm
               CMSTATbits   0x000f6a       data     extern D:\3.43\pic18-lt\cxx-framework\src\traditional\proc\p18f87j50.asm
                   CVRCON   0x000f77       data     extern D:\3.43\pic18-lt\cxx-framework\src\traditional\proc\p18f87j50.asm
               CVRCONbits   0x000f77       data     extern D:\3.43\pic18-lt\cxx-framework\src\traditional\proc\p18f87j50.asm
              CtrlTrfData   0x000438       data     extern D:\repos\MCU_PIC18_Code\PIC18_G_Sensor_Demo\USB\usb_device.c
                     DDRA   0x000f92       data     extern D:\3.43\pic18-lt\cxx-framework\src\traditional\proc\p18f87j50.asm
                 DDRAbits   0x000f92       data     extern D:\3.43\pic18-lt\cxx-framework\src\traditional\proc\p18f87j50.asm
                     DDRB   0x000f93       data     extern D:\3.43\pic18-lt\cxx-framework\src\traditional\proc\p18f87j50.asm
                 DDRBbits   0x000f93       data     extern D:\3.43\pic18-lt\cxx-framework\src\traditional\proc\p18f87j50.asm
                     DDRC   0x000f94       data     extern D:\3.43\pic18-lt\cxx-framework\src\traditional\proc\p18f87j50.asm
                 DDRCbits   0x000f94       data     extern D:\3.43\pic18-lt\cxx-framework\src\traditional\proc\p18f87j50.asm
                     DDRD   0x000f95       data     extern D:\3.43\pic18-lt\cxx-framework\src\traditional\proc\p18f87j50.asm
                 DDRDbits   0x000f95       data     extern D:\3.43\pic18-lt\cxx-framework\src\traditional\proc\p18f87j50.asm
                     DDRE   0x000f96       data     extern D:\3.43\pic18-lt\cxx-framework\src\traditional\proc\p18f87j50.asm
                 DDREbits   0x000f96       data     extern D:\3.43\pic18-lt\cxx-framework\src\traditional\proc\p18f87j50.asm
                     DDRF   0x000f97       data     extern D:\3.43\pic18-lt\cxx-framework\src\traditional\proc\p18f87j50.asm
                 DDRFbits   0x000f97       data     extern D:\3.43\pic18-lt\cxx-framework\src\traditional\proc\p18f87j50.asm
                     DDRG   0x000f98       data     extern D:\3.43\pic18-lt\cxx-framework\src\traditional\proc\p18f87j50.asm
                 DDRGbits   0x000f98       data     extern D:\3.43\pic18-lt\cxx-framework\src\traditional\proc\p18f87j50.asm
                     DDRH   0x000f99       data     extern D:\3.43\pic18-lt\cxx-framework\src\traditional\proc\p18f87j50.asm
                 DDRHbits   0x000f99       data     extern D:\3.43\pic18-lt\cxx-framework\src\traditional\proc\p18f87j50.asm
                     DDRJ   0x000f9a       data     extern D:\3.43\pic18-lt\cxx-framework\src\traditional\proc\p18f87j50.asm
                 DDRJbits   0x000f9a       data     extern D:\3.43\pic18-lt\cxx-framework\src\traditional\proc\p18f87j50.asm
            DelayCounter1   0x00001d       data     extern D:\3.43\pic18-lt\cxx-framework\src\traditional\delays\delayd1.asm
            DelayCounter2   0x00001c       data     extern D:\3.43\pic18-lt\cxx-framework\src\traditional\delays\delayd2.asm
                  ECCP1AS   0x000fbf       data     extern D:\3.43\pic18-lt\cxx-framework\src\traditional\proc\p18f87j50.asm
              ECCP1ASbits   0x000fbf       data     extern D:\3.43\pic18-lt\cxx-framework\src\traditional\proc\p18f87j50.asm
                 ECCP1CON   0x000fbb       data     extern D:\3.43\pic18-lt\cxx-framework\src\traditional\proc\p18f87j50.asm
             ECCP1CONbits   0x000fbb       data     extern D:\3.43\pic18-lt\cxx-framework\src\traditional\proc\p18f87j50.asm
                 ECCP1DEL   0x000fbe       data     extern D:\3.43\pic18-lt\cxx-framework\src\traditional\proc\p18f87j50.asm
             ECCP1DELbits   0x000fbe       data     extern D:\3.43\pic18-lt\cxx-framework\src\traditional\proc\p18f87j50.asm
                  ECCP2AS   0x000fba       data     extern D:\3.43\pic18-lt\cxx-framework\src\traditional\proc\p18f87j50.asm
              ECCP2ASbits   0x000fba       data     extern D:\3.43\pic18-lt\cxx-framework\src\traditional\proc\p18f87j50.asm
                 ECCP2CON   0x000fb6       data     extern D:\3.43\pic18-lt\cxx-framework\src\traditional\proc\p18f87j50.asm
             ECCP2CONbits   0x000fb6       data     extern D:\3.43\pic18-lt\cxx-framework\src\traditional\proc\p18f87j50.asm
                 ECCP2DEL   0x000fb9       data     extern D:\3.43\pic18-lt\cxx-framework\src\traditional\proc\p18f87j50.asm
             ECCP2DELbits   0x000fb9       data     extern D:\3.43\pic18-lt\cxx-framework\src\traditional\proc\p18f87j50.asm
                  ECCP3AS   0x000fb5       data     extern D:\3.43\pic18-lt\cxx-framework\src\traditional\proc\p18f87j50.asm
              ECCP3ASbits   0x000fb5       data     extern D:\3.43\pic18-lt\cxx-framework\src\traditional\proc\p18f87j50.asm
                 ECCP3CON   0x000fb1       data     extern D:\3.43\pic18-lt\cxx-framework\src\traditional\proc\p18f87j50.asm
             ECCP3CONbits   0x000fb1       data     extern D:\3.43\pic18-lt\cxx-framework\src\traditional\proc\p18f87j50.asm
                 ECCP3DEL   0x000fb4       data     extern D:\3.43\pic18-lt\cxx-framework\src\traditional\proc\p18f87j50.asm
             ECCP3DELbits   0x000fb4       data     extern D:\3.43\pic18-lt\cxx-framework\src\traditional\proc\p18f87j50.asm
                   EECON1   0x000fa6       data     extern D:\3.43\pic18-lt\cxx-framework\src\traditional\proc\p18f87j50.asm
               EECON1bits   0x000fa6       data     extern D:\3.43\pic18-lt\cxx-framework\src\traditional\proc\p18f87j50.asm
                   EECON2   0x000fa7       data     extern D:\3.43\pic18-lt\cxx-framework\src\traditional\proc\p18f87j50.asm
                     FSR0   0x000fe9       data     extern D:\3.43\pic18-lt\cxx-framework\src\traditional\proc\p18f87j50.asm
                    FSR0H   0x000fea       data     extern D:\3.43\pic18-lt\cxx-framework\src\traditional\proc\p18f87j50.asm
                    FSR0L   0x000fe9       data     extern D:\3.43\pic18-lt\cxx-framework\src\traditional\proc\p18f87j50.asm
                     FSR1   0x000fe1       data     extern D:\3.43\pic18-lt\cxx-framework\src\traditional\proc\p18f87j50.asm
                    FSR1H   0x000fe2       data     extern D:\3.43\pic18-lt\cxx-framework\src\traditional\proc\p18f87j50.asm
                    FSR1L   0x000fe1       data     extern D:\3.43\pic18-lt\cxx-framework\src\traditional\proc\p18f87j50.asm
                     FSR2   0x000fd9       data     extern D:\3.43\pic18-lt\cxx-framework\src\traditional\proc\p18f87j50.asm
                    FSR2H   0x000fda       data     extern D:\3.43\pic18-lt\cxx-framework\src\traditional\proc\p18f87j50.asm
                    FSR2L   0x000fd9       data     extern D:\3.43\pic18-lt\cxx-framework\src\traditional\proc\p18f87j50.asm
                    INDF0   0x000fef       data     extern D:\3.43\pic18-lt\cxx-framework\src\traditional\proc\p18f87j50.asm
                    INDF1   0x000fe7       data     extern D:\3.43\pic18-lt\cxx-framework\src\traditional\proc\p18f87j50.asm
                    INDF2   0x000fdf       data     extern D:\3.43\pic18-lt\cxx-framework\src\traditional\proc\p18f87j50.asm
                   INTCON   0x000ff2       data     extern D:\3.43\pic18-lt\cxx-framework\src\traditional\proc\p18f87j50.asm
                  INTCON2   0x000ff1       data     extern D:\3.43\pic18-lt\cxx-framework\src\traditional\proc\p18f87j50.asm
              INTCON2bits   0x000ff1       data     extern D:\3.43\pic18-lt\cxx-framework\src\traditional\proc\p18f87j50.asm
                  INTCON3   0x000ff0       data     extern D:\3.43\pic18-lt\cxx-framework\src\traditional\proc\p18f87j50.asm
              INTCON3bits   0x000ff0       data     extern D:\3.43\pic18-lt\cxx-framework\src\traditional\proc\p18f87j50.asm
               INTCONbits   0x000ff2       data     extern D:\3.43\pic18-lt\cxx-framework\src\traditional\proc\p18f87j50.asm
                     IPR1   0x000f9f       data     extern D:\3.43\pic18-lt\cxx-framework\src\traditional\proc\p18f87j50.asm
                 IPR1bits   0x000f9f       data     extern D:\3.43\pic18-lt\cxx-framework\src\traditional\proc\p18f87j50.asm
                     IPR2   0x000fa2       data     extern D:\3.43\pic18-lt\cxx-framework\src\traditional\proc\p18f87j50.asm
                 IPR2bits   0x000fa2       data     extern D:\3.43\pic18-lt\cxx-framework\src\traditional\proc\p18f87j50.asm
                     IPR3   0x000fa5       data     extern D:\3.43\pic18-lt\cxx-framework\src\traditional\proc\p18f87j50.asm
                 IPR3bits   0x000fa5       data     extern D:\3.43\pic18-lt\cxx-framework\src\traditional\proc\p18f87j50.asm
                     LATA   0x000f89       data     extern D:\3.43\pic18-lt\cxx-framework\src\traditional\proc\p18f87j50.asm
                 LATAbits   0x000f89       data     extern D:\3.43\pic18-lt\cxx-framework\src\traditional\proc\p18f87j50.asm
                     LATB   0x000f8a       data     extern D:\3.43\pic18-lt\cxx-framework\src\traditional\proc\p18f87j50.asm
                 LATBbits   0x000f8a       data     extern D:\3.43\pic18-lt\cxx-framework\src\traditional\proc\p18f87j50.asm
                     LATC   0x000f8b       data     extern D:\3.43\pic18-lt\cxx-framework\src\traditional\proc\p18f87j50.asm
                 LATCbits   0x000f8b       data     extern D:\3.43\pic18-lt\cxx-framework\src\traditional\proc\p18f87j50.asm
                     LATD   0x000f8c       data     extern D:\3.43\pic18-lt\cxx-framework\src\traditional\proc\p18f87j50.asm
                 LATDbits   0x000f8c       data     extern D:\3.43\pic18-lt\cxx-framework\src\traditional\proc\p18f87j50.asm
                     LATE   0x000f8d       data     extern D:\3.43\pic18-lt\cxx-framework\src\traditional\proc\p18f87j50.asm
                 LATEbits   0x000f8d       data     extern D:\3.43\pic18-lt\cxx-framework\src\traditional\proc\p18f87j50.asm
                     LATF   0x000f8e       data     extern D:\3.43\pic18-lt\cxx-framework\src\traditional\proc\p18f87j50.asm
                 LATFbits   0x000f8e       data     extern D:\3.43\pic18-lt\cxx-framework\src\traditional\proc\p18f87j50.asm
                     LATG   0x000f8f       data     extern D:\3.43\pic18-lt\cxx-framework\src\traditional\proc\p18f87j50.asm
                 LATGbits   0x000f8f       data     extern D:\3.43\pic18-lt\cxx-framework\src\traditional\proc\p18f87j50.asm
                     LATH   0x000f90       data     extern D:\3.43\pic18-lt\cxx-framework\src\traditional\proc\p18f87j50.asm
                 LATHbits   0x000f90       data     extern D:\3.43\pic18-lt\cxx-framework\src\traditional\proc\p18f87j50.asm
                     LATJ   0x000f91       data     extern D:\3.43\pic18-lt\cxx-framework\src\traditional\proc\p18f87j50.asm
                 LATJbits   0x000f91       data     extern D:\3.43\pic18-lt\cxx-framework\src\traditional\proc\p18f87j50.asm
                   MEMCON   0x000fcb       data     extern D:\3.43\pic18-lt\cxx-framework\src\traditional\proc\p18f87j50.asm
               MEMCONbits   0x000fcb       data     extern D:\3.43\pic18-lt\cxx-framework\src\traditional\proc\p18f87j50.asm
                   ODCON1   0x000fcf       data     extern D:\3.43\pic18-lt\cxx-framework\src\traditional\proc\p18f87j50.asm
               ODCON1bits   0x000fcf       data     extern D:\3.43\pic18-lt\cxx-framework\src\traditional\proc\p18f87j50.asm
                   ODCON2   0x000fce       data     extern D:\3.43\pic18-lt\cxx-framework\src\traditional\proc\p18f87j50.asm
               ODCON2bits   0x000fce       data     extern D:\3.43\pic18-lt\cxx-framework\src\traditional\proc\p18f87j50.asm
                   ODCON3   0x000fcd       data     extern D:\3.43\pic18-lt\cxx-framework\src\traditional\proc\p18f87j50.asm
               ODCON3bits   0x000fcd       data     extern D:\3.43\pic18-lt\cxx-framework\src\traditional\proc\p18f87j50.asm
                   OSCCON   0x000fd3       data     extern D:\3.43\pic18-lt\cxx-framework\src\traditional\proc\p18f87j50.asm
               OSCCONbits   0x000fd3       data     extern D:\3.43\pic18-lt\cxx-framework\src\traditional\proc\p18f87j50.asm
                  OSCTUNE   0x000f9b       data     extern D:\3.43\pic18-lt\cxx-framework\src\traditional\proc\p18f87j50.asm
              OSCTUNEbits   0x000f9b       data     extern D:\3.43\pic18-lt\cxx-framework\src\traditional\proc\p18f87j50.asm
                  PADCFG1   0x000fcc       data     extern D:\3.43\pic18-lt\cxx-framework\src\traditional\proc\p18f87j50.asm
              PADCFG1bits   0x000fcc       data     extern D:\3.43\pic18-lt\cxx-framework\src\traditional\proc\p18f87j50.asm
                       PC   0x000ff9       data     extern D:\3.43\pic18-lt\cxx-framework\src\traditional\proc\p18f87j50.asm
                      PCL   0x000ff9       data     extern D:\3.43\pic18-lt\cxx-framework\src\traditional\proc\p18f87j50.asm
                   PCLATH   0x000ffa       data     extern D:\3.43\pic18-lt\cxx-framework\src\traditional\proc\p18f87j50.asm
                   PCLATU   0x000ffb       data     extern D:\3.43\pic18-lt\cxx-framework\src\traditional\proc\p18f87j50.asm
                     PIE1   0x000f9d       data     extern D:\3.43\pic18-lt\cxx-framework\src\traditional\proc\p18f87j50.asm
                 PIE1bits   0x000f9d       data     extern D:\3.43\pic18-lt\cxx-framework\src\traditional\proc\p18f87j50.asm
                     PIE2   0x000fa0       data     extern D:\3.43\pic18-lt\cxx-framework\src\traditional\proc\p18f87j50.asm
                 PIE2bits   0x000fa0       data     extern D:\3.43\pic18-lt\cxx-framework\src\traditional\proc\p18f87j50.asm
                     PIE3   0x000fa3       data     extern D:\3.43\pic18-lt\cxx-framework\src\traditional\proc\p18f87j50.asm
                 PIE3bits   0x000fa3       data     extern D:\3.43\pic18-lt\cxx-framework\src\traditional\proc\p18f87j50.asm
                     PIR1   0x000f9e       data     extern D:\3.43\pic18-lt\cxx-framework\src\traditional\proc\p18f87j50.asm
                 PIR1bits   0x000f9e       data     extern D:\3.43\pic18-lt\cxx-framework\src\traditional\proc\p18f87j50.asm
                     PIR2   0x000fa1       data     extern D:\3.43\pic18-lt\cxx-framework\src\traditional\proc\p18f87j50.asm
                 PIR2bits   0x000fa1       data     extern D:\3.43\pic18-lt\cxx-framework\src\traditional\proc\p18f87j50.asm
                     PIR3   0x000fa4       data     extern D:\3.43\pic18-lt\cxx-framework\src\traditional\proc\p18f87j50.asm
                 PIR3bits   0x000fa4       data     extern D:\3.43\pic18-lt\cxx-framework\src\traditional\proc\p18f87j50.asm
                   PLUSW0   0x000feb       data     extern D:\3.43\pic18-lt\cxx-framework\src\traditional\proc\p18f87j50.asm
                   PLUSW1   0x000fe3       data     extern D:\3.43\pic18-lt\cxx-framework\src\traditional\proc\p18f87j50.asm
                   PLUSW2   0x000fdb       data     extern D:\3.43\pic18-lt\cxx-framework\src\traditional\proc\p18f87j50.asm
                   PMADDR   0x000f68       data     extern D:\3.43\pic18-lt\cxx-framework\src\traditional\proc\p18f87j50.asm
                  PMADDRH   0x000f69       data     extern D:\3.43\pic18-lt\cxx-framework\src\traditional\proc\p18f87j50.asm
              PMADDRHbits   0x000f69       data     extern D:\3.43\pic18-lt\cxx-framework\src\traditional\proc\p18f87j50.asm
                  PMADDRL   0x000f68       data     extern D:\3.43\pic18-lt\cxx-framework\src\traditional\proc\p18f87j50.asm
                    PMCON   0x000f4a       data     extern D:\3.43\pic18-lt\cxx-framework\src\traditional\proc\p18f87j50.asm
                   PMCONH   0x000f4b       data     extern D:\3.43\pic18-lt\cxx-framework\src\traditional\proc\p18f87j50.asm
               PMCONHbits   0x000f4b       data     extern D:\3.43\pic18-lt\cxx-framework\src\traditional\proc\p18f87j50.asm
                   PMCONL   0x000f4a       data     extern D:\3.43\pic18-lt\cxx-framework\src\traditional\proc\p18f87j50.asm
               PMCONLbits   0x000f4a       data     extern D:\3.43\pic18-lt\cxx-framework\src\traditional\proc\p18f87j50.asm
                   PMDIN1   0x000f66       data     extern D:\3.43\pic18-lt\cxx-framework\src\traditional\proc\p18f87j50.asm
                  PMDIN1H   0x000f67       data     extern D:\3.43\pic18-lt\cxx-framework\src\traditional\proc\p18f87j50.asm
                  PMDIN1L   0x000f66       data     extern D:\3.43\pic18-lt\cxx-framework\src\traditional\proc\p18f87j50.asm
                   PMDIN2   0x000f44       data     extern D:\3.43\pic18-lt\cxx-framework\src\traditional\proc\p18f87j50.asm
                  PMDIN2H   0x000f45       data     extern D:\3.43\pic18-lt\cxx-framework\src\traditional\proc\p18f87j50.asm
                  PMDIN2L   0x000f44       data     extern D:\3.43\pic18-lt\cxx-framework\src\traditional\proc\p18f87j50.asm
                  PMDOUT1   0x000f68       data     extern D:\3.43\pic18-lt\cxx-framework\src\traditional\proc\p18f87j50.asm
                 PMDOUT1H   0x000f69       data     extern D:\3.43\pic18-lt\cxx-framework\src\traditional\proc\p18f87j50.asm
                 PMDOUT1L   0x000f68       data     extern D:\3.43\pic18-lt\cxx-framework\src\traditional\proc\p18f87j50.asm
                  PMDOUT2   0x000f46       data     extern D:\3.43\pic18-lt\cxx-framework\src\traditional\proc\p18f87j50.asm
                 PMDOUT2H   0x000f47       data     extern D:\3.43\pic18-lt\cxx-framework\src\traditional\proc\p18f87j50.asm
                 PMDOUT2L   0x000f46       data     extern D:\3.43\pic18-lt\cxx-framework\src\traditional\proc\p18f87j50.asm
                     PMEH   0x000f43       data     extern D:\3.43\pic18-lt\cxx-framework\src\traditional\proc\p18f87j50.asm
                 PMEHbits   0x000f43       data     extern D:\3.43\pic18-lt\cxx-framework\src\traditional\proc\p18f87j50.asm
                     PMEL   0x000f42       data     extern D:\3.43\pic18-lt\cxx-framework\src\traditional\proc\p18f87j50.asm
                 PMELbits   0x000f42       data     extern D:\3.43\pic18-lt\cxx-framework\src\traditional\proc\p18f87j50.asm
                     PMEN   0x000f42       data     extern D:\3.43\pic18-lt\cxx-framework\src\traditional\proc\p18f87j50.asm
                   PMMODE   0x000f48       data     extern D:\3.43\pic18-lt\cxx-framework\src\traditional\proc\p18f87j50.asm
                  PMMODEH   0x000f49       data     extern D:\3.43\pic18-lt\cxx-framework\src\traditional\proc\p18f87j50.asm
              PMMODEHbits   0x000f49       data     extern D:\3.43\pic18-lt\cxx-framework\src\traditional\proc\p18f87j50.asm
                  PMMODEL   0x000f48       data     extern D:\3.43\pic18-lt\cxx-framework\src\traditional\proc\p18f87j50.asm
              PMMODELbits   0x000f48       data     extern D:\3.43\pic18-lt\cxx-framework\src\traditional\proc\p18f87j50.asm
                   PMSTAT   0x000f40       data     extern D:\3.43\pic18-lt\cxx-framework\src\traditional\proc\p18f87j50.asm
                  PMSTATH   0x000f41       data     extern D:\3.43\pic18-lt\cxx-framework\src\traditional\proc\p18f87j50.asm
              PMSTATHbits   0x000f41       data     extern D:\3.43\pic18-lt\cxx-framework\src\traditional\proc\p18f87j50.asm
                  PMSTATL   0x000f40       data     extern D:\3.43\pic18-lt\cxx-framework\src\traditional\proc\p18f87j50.asm
              PMSTATLbits   0x000f40       data     extern D:\3.43\pic18-lt\cxx-framework\src\traditional\proc\p18f87j50.asm
                    PORTA   0x000f80       data     extern D:\3.43\pic18-lt\cxx-framework\src\traditional\proc\p18f87j50.asm
                PORTAbits   0x000f80       data     extern D:\3.43\pic18-lt\cxx-framework\src\traditional\proc\p18f87j50.asm
                    PORTB   0x000f81       data     extern D:\3.43\pic18-lt\cxx-framework\src\traditional\proc\p18f87j50.asm
                PORTBbits   0x000f81       data     extern D:\3.43\pic18-lt\cxx-framework\src\traditional\proc\p18f87j50.asm
                    PORTC   0x000f82       data     extern D:\3.43\pic18-lt\cxx-framework\src\traditional\proc\p18f87j50.asm
                PORTCbits   0x000f82       data     extern D:\3.43\pic18-lt\cxx-framework\src\traditional\proc\p18f87j50.asm
                    PORTD   0x000f83       data     extern D:\3.43\pic18-lt\cxx-framework\src\traditional\proc\p18f87j50.asm
                PORTDbits   0x000f83       data     extern D:\3.43\pic18-lt\cxx-framework\src\traditional\proc\p18f87j50.asm
                    PORTE   0x000f84       data     extern D:\3.43\pic18-lt\cxx-framework\src\traditional\proc\p18f87j50.asm
                PORTEbits   0x000f84       data     extern D:\3.43\pic18-lt\cxx-framework\src\traditional\proc\p18f87j50.asm
                    PORTF   0x000f85       data     extern D:\3.43\pic18-lt\cxx-framework\src\traditional\proc\p18f87j50.asm
                PORTFbits   0x000f85       data     extern D:\3.43\pic18-lt\cxx-framework\src\traditional\proc\p18f87j50.asm
                    PORTG   0x000f86       data     extern D:\3.43\pic18-lt\cxx-framework\src\traditional\proc\p18f87j50.asm
                PORTGbits   0x000f86       data     extern D:\3.43\pic18-lt\cxx-framework\src\traditional\proc\p18f87j50.asm
                    PORTH   0x000f87       data     extern D:\3.43\pic18-lt\cxx-framework\src\traditional\proc\p18f87j50.asm
                PORTHbits   0x000f87       data     extern D:\3.43\pic18-lt\cxx-framework\src\traditional\proc\p18f87j50.asm
                    PORTJ   0x000f88       data     extern D:\3.43\pic18-lt\cxx-framework\src\traditional\proc\p18f87j50.asm
                PORTJbits   0x000f88       data     extern D:\3.43\pic18-lt\cxx-framework\src\traditional\proc\p18f87j50.asm
                 POSTDEC0   0x000fed       data     extern D:\3.43\pic18-lt\cxx-framework\src\traditional\proc\p18f87j50.asm
                 POSTDEC1   0x000fe5       data     extern D:\3.43\pic18-lt\cxx-framework\src\traditional\proc\p18f87j50.asm
                 POSTDEC2   0x000fdd       data     extern D:\3.43\pic18-lt\cxx-framework\src\traditional\proc\p18f87j50.asm
                 POSTINC0   0x000fee       data     extern D:\3.43\pic18-lt\cxx-framework\src\traditional\proc\p18f87j50.asm
                 POSTINC1   0x000fe6       data     extern D:\3.43\pic18-lt\cxx-framework\src\traditional\proc\p18f87j50.asm
                 POSTINC2   0x000fde       data     extern D:\3.43\pic18-lt\cxx-framework\src\traditional\proc\p18f87j50.asm
                      PR2   0x000fcb       data     extern D:\3.43\pic18-lt\cxx-framework\src\traditional\proc\p18f87j50.asm
                      PR4   0x000f77       data     extern D:\3.43\pic18-lt\cxx-framework\src\traditional\proc\p18f87j50.asm
                  PREINC0   0x000fec       data     extern D:\3.43\pic18-lt\cxx-framework\src\traditional\proc\p18f87j50.asm
                  PREINC1   0x000fe4       data     extern D:\3.43\pic18-lt\cxx-framework\src\traditional\proc\p18f87j50.asm
                  PREINC2   0x000fdc       data     extern D:\3.43\pic18-lt\cxx-framework\src\traditional\proc\p18f87j50.asm
[...]
                    TXSTA   0x000fad       data     extern D:\3.43\pic18-lt\cxx-framework\src\traditional\proc\p18f87j50.asm
                   TXREG1   0x000fae       data     extern D:\3.43\pic18-lt\cxx-framework\src\traditional\proc\p18f87j50.asm
                    TXREG   0x000fae       data     extern D:\3.43\pic18-lt\cxx-framework\src\traditional\proc\p18f87j50.asm
                   RCREG1   0x000faf       data     extern D:\3.43\pic18-lt\cxx-framework\src\traditional\proc\p18f87j50.asm
                    RCREG   0x000faf       data     extern D:\3.43\pic18-lt\cxx-framework\src\traditional\proc\p18f87j50.asm
                    SPBRG   0x000fb0       data     extern D:\3.43\pic18-lt\cxx-framework\src\traditional\proc\p18f87j50.asm
                   SPBRG1   0x000fb0       data     extern D:\3.43\pic18-lt\cxx-framework\src\traditional\proc\p18f87j50.asm
              CCP3CONbits   0x000fb1       data     extern D:\3.43\pic18-lt\cxx-framework\src\traditional\proc\p18f87j50.asm
                  CCP3CON   0x000fb1       data     extern D:\3.43\pic18-lt\cxx-framework\src\traditional\proc\p18f87j50.asm
             ECCP3CONbits   0x000fb1       data     extern D:\3.43\pic18-lt\cxx-framework\src\traditional\proc\p18f87j50.asm
                 ECCP3CON   0x000fb1       data     extern D:\3.43\pic18-lt\cxx-framework\src\traditional\proc\p18f87j50.asm
                   CCPR3L   0x000fb2       data     extern D:\3.43\pic18-lt\cxx-framework\src\traditional\proc\p18f87j50.asm
                    CCPR3   0x000fb2       data     extern D:\3.43\pic18-lt\cxx-framework\src\traditional\proc\p18f87j50.asm
                   CCPR3H   0x000fb3       data     extern D:\3.43\pic18-lt\cxx-framework\src\traditional\proc\p18f87j50.asm
                 ECCP3DEL   0x000fb4       data     extern D:\3.43\pic18-lt\cxx-framework\src\traditional\proc\p18f87j50.asm
             ECCP3DELbits   0x000fb4       data     extern D:\3.43\pic18-lt\cxx-framework\src\traditional\proc\p18f87j50.asm
                  ECCP3AS   0x000fb5       data     extern D:\3.43\pic18-lt\cxx-framework\src\traditional\proc\p18f87j50.asm
              ECCP3ASbits   0x000fb5       data     extern D:\3.43\pic18-lt\cxx-framework\src\traditional\proc\p18f87j50.asm
             ECCP2CONbits   0x000fb6       data     extern D:\3.43\pic18-lt\cxx-framework\src\traditional\proc\p18f87j50.asm
                 ECCP2CON   0x000fb6       data     extern D:\3.43\pic18-lt\cxx-framework\src\traditional\proc\p18f87j50.asm
              CCP2CONbits   0x000fb6       data     extern D:\3.43\pic18-lt\cxx-framework\src\traditional\proc\p18f87j50.asm
                  CCP2CON   0x000fb6       data     extern D:\3.43\pic18-lt\cxx-framework\src\traditional\proc\p18f87j50.asm
                   CCPR2L   0x000fb7       data     extern D:\3.43\pic18-lt\cxx-framework\src\traditional\proc\p18f87j50.asm
                    CCPR2   0x000fb7       data     extern D:\3.43\pic18-lt\cxx-framework\src\traditional\proc\p18f87j50.asm
                   CCPR2H   0x000fb8       data     extern D:\3.43\pic18-lt\cxx-framework\src\traditional\proc\p18f87j50.asm
                 ECCP2DEL   0x000fb9       data     extern D:\3.43\pic18-lt\cxx-framework\src\traditional\proc\p18f87j50.asm
             ECCP2DELbits   0x000fb9       data     extern D:\3.43\pic18-lt\cxx-framework\src\traditional\proc\p18f87j50.asm
              ECCP2ASbits   0x000fba       data     extern D:\3.43\pic18-lt\cxx-framework\src\traditional\proc\p18f87j50.asm
                  ECCP2AS   0x000fba       data     extern D:\3.43\pic18-lt\cxx-framework\src\traditional\proc\p18f87j50.asm
             ECCP1CONbits   0x000fbb       data     extern D:\3.43\pic18-lt\cxx-framework\src\traditional\proc\p18f87j50.asm
                  CCP1CON   0x000fbb       data     extern D:\3.43\pic18-lt\cxx-framework\src\traditional\proc\p18f87j50.asm
              CCP1CONbits   0x000fbb       data     extern D:\3.43\pic18-lt\cxx-framework\src\traditional\proc\p18f87j50.asm
                 ECCP1CON   0x000fbb       data     extern D:\3.43\pic18-lt\cxx-framework\src\traditional\proc\p18f87j50.asm
                   CCPR1L   0x000fbc       data     extern D:\3.43\pic18-lt\cxx-framework\src\traditional\proc\p18f87j50.asm
                    CCPR1   0x000fbc       data     extern D:\3.43\pic18-lt\cxx-framework\src\traditional\proc\p18f87j50.asm
                   CCPR1H   0x000fbd       data     extern D:\3.43\pic18-lt\cxx-framework\src\traditional\proc\p18f87j50.asm
             ECCP1DELbits   0x000fbe       data     extern D:\3.43\pic18-lt\cxx-framework\src\traditional\proc\p18f87j50.asm
                 ECCP1DEL   0x000fbe       data     extern D:\3.43\pic18-lt\cxx-framework\src\traditional\proc\p18f87j50.asm
                  ECCP1AS   0x000fbf       data     extern D:\3.43\pic18-lt\cxx-framework\src\traditional\proc\p18f87j50.asm
              ECCP1ASbits   0x000fbf       data     extern D:\3.43\pic18-lt\cxx-framework\src\traditional\proc\p18f87j50.asm
               WDTCONbits   0x000fc0       data     extern D:\3.43\pic18-lt\cxx-framework\src\traditional\proc\p18f87j50.asm
                   WDTCON   0x000fc0       data     extern D:\3.43\pic18-lt\cxx-framework\src\traditional\proc\p18f87j50.asm
                   ADCON1   0x000fc1       data     extern D:\3.43\pic18-lt\cxx-framework\src\traditional\proc\p18f87j50.asm
                   ANCON0   0x000fc1       data     extern D:\3.43\pic18-lt\cxx-framework\src\traditional\proc\p18f87j50.asm
               ADCON1bits   0x000fc1       data     extern D:\3.43\pic18-lt\cxx-framework\src\traditional\proc\p18f87j50.asm
               ANCON0bits   0x000fc1       data     extern D:\3.43\pic18-lt\cxx-framework\src\traditional\proc\p18f87j50.asm
               ADCON0bits   0x000fc2       data     extern D:\3.43\pic18-lt\cxx-framework\src\traditional\proc\p18f87j50.asm
                   ADCON0   0x000fc2       data     extern D:\3.43\pic18-lt\cxx-framework\src\traditional\proc\p18f87j50.asm
                   ANCON1   0x000fc2       data     extern D:\3.43\pic18-lt\cxx-framework\src\traditional\proc\p18f87j50.asm
               ANCON1bits   0x000fc2       data     extern D:\3.43\pic18-lt\cxx-framework\src\traditional\proc\p18f87j50.asm
                    ADRES   0x000fc3       data     extern D:\3.43\pic18-lt\cxx-framework\src\traditional\proc\p18f87j50.asm
                   ADRESL   0x000fc3       data     extern D:\3.43\pic18-lt\cxx-framework\src\traditional\proc\p18f87j50.asm
                   ADRESH   0x000fc4       data     extern D:\3.43\pic18-lt\cxx-framework\src\traditional\proc\p18f87j50.asm
              SSPCON2bits   0x000fc5       data     extern D:\3.43\pic18-lt\cxx-framework\src\traditional\proc\p18f87j50.asm
                  SSPCON2   0x000fc5       data     extern D:\3.43\pic18-lt\cxx-framework\src\traditional\proc\p18f87j50.asm
             SSP1CON2bits   0x000fc5       data     extern D:\3.43\pic18-lt\cxx-framework\src\traditional\proc\p18f87j50.asm
                 SSP1CON2   0x000fc5       data     extern D:\3.43\pic18-lt\cxx-framework\src\traditional\proc\p18f87j50.asm
             SSP1CON1bits   0x000fc6       data     extern D:\3.43\pic18-lt\cxx-framework\src\traditional\proc\p18f87j50.asm
                 SSP1CON1   0x000fc6       data     extern D:\3.43\pic18-lt\cxx-framework\src\traditional\proc\p18f87j50.asm
              SSPCON1bits   0x000fc6       data     extern D:\3.43\pic18-lt\cxx-framework\src\traditional\proc\p18f87j50.asm
                  SSPCON1   0x000fc6       data     extern D:\3.43\pic18-lt\cxx-framework\src\traditional\proc\p18f87j50.asm
              SSPSTATbits   0x000fc7       data     extern D:\3.43\pic18-lt\cxx-framework\src\traditional\proc\p18f87j50.asm
                  SSPSTAT   0x000fc7       data     extern D:\3.43\pic18-lt\cxx-framework\src\traditional\proc\p18f87j50.asm
                 SSP1STAT   0x000fc7       data     extern D:\3.43\pic18-lt\cxx-framework\src\traditional\proc\p18f87j50.asm
             SSP1STATbits   0x000fc7       data     extern D:\3.43\pic18-lt\cxx-framework\src\traditional\proc\p18f87j50.asm
                  SSP1ADD   0x000fc8       data     extern D:\3.43\pic18-lt\cxx-framework\src\traditional\proc\p18f87j50.asm
                   SSPADD   0x000fc8       data     extern D:\3.43\pic18-lt\cxx-framework\src\traditional\proc\p18f87j50.asm
                  SSP1MSK   0x000fc8       data     extern D:\3.43\pic18-lt\cxx-framework\src\traditional\proc\p18f87j50.asm
              SSP1MSKbits   0x000fc8       data     extern D:\3.43\pic18-lt\cxx-framework\src\traditional\proc\p18f87j50.asm
                  SSP1BUF   0x000fc9       data     extern D:\3.43\pic18-lt\cxx-framework\src\traditional\proc\p18f87j50.asm
                   SSPBUF   0x000fc9       data     extern D:\3.43\pic18-lt\cxx-framework\src\traditional\proc\p18f87j50.asm
                T2CONbits   0x000fca       data     extern D:\3.43\pic18-lt\cxx-framework\src\traditional\proc\p18f87j50.asm
                    T2CON   0x000fca       data     extern D:\3.43\pic18-lt\cxx-framework\src\traditional\proc\p18f87j50.asm
                      PR2   0x000fcb       data     extern D:\3.43\pic18-lt\cxx-framework\src\traditional\proc\p18f87j50.asm
               MEMCONbits   0x000fcb       data     extern D:\3.43\pic18-lt\cxx-framework\src\traditional\proc\p18f87j50.asm
                   MEMCON   0x000fcb       data     extern D:\3.43\pic18-lt\cxx-framework\src\traditional\proc\p18f87j50.asm
                  PADCFG1   0x000fcc       data     extern D:\3.43\pic18-lt\cxx-framework\src\traditional\proc\p18f87j50.asm
              PADCFG1bits   0x000fcc       data     extern D:\3.43\pic18-lt\cxx-framework\src\traditional\proc\p18f87j50.asm
                     TMR2   0x000fcc       data     extern D:\3.43\pic18-lt\cxx-framework\src\traditional\proc\p18f87j50.asm
                   ODCON3   0x000fcd       data     extern D:\3.43\pic18-lt\cxx-framework\src\traditional\proc\p18f87j50.asm
               ODCON3bits   0x000fcd       data     extern D:\3.43\pic18-lt\cxx-framework\src\traditional\proc\p18f87j50.asm
                    T1CON   0x000fcd       data     extern D:\3.43\pic18-lt\cxx-framework\src\traditional\proc\p18f87j50.asm
                T1CONbits   0x000fcd       data     extern D:\3.43\pic18-lt\cxx-framework\src\traditional\proc\p18f87j50.asm
                    TMR1L   0x000fce       data     extern D:\3.43\pic18-lt\cxx-framework\src\traditional\proc\p18f87j50.asm
                   ODCON2   0x000fce       data     extern D:\3.43\pic18-lt\cxx-framework\src\traditional\proc\p18f87j50.asm
               ODCON2bits   0x000fce       data     extern D:\3.43\pic18-lt\cxx-framework\src\traditional\proc\p18f87j50.asm
               ODCON1bits   0x000fcf       data     extern D:\3.43\pic18-lt\cxx-framework\src\traditional\proc\p18f87j50.asm
                   ODCON1   0x000fcf       data     extern D:\3.43\pic18-lt\cxx-framework\src\traditional\proc\p18f87j50.asm
                    TMR1H   0x000fcf       data     extern D:\3.43\pic18-lt\cxx-framework\src\traditional\proc\p18f87j50.asm
                 RCONbits   0x000fd0       data     extern D:\3.43\pic18-lt\cxx-framework\src\traditional\proc\p18f87j50.asm
                     RCON   0x000fd0       data     extern D:\3.43\pic18-lt\cxx-framework\src\traditional\proc\p18f87j50.asm
                   CM2CON   0x000fd1       data     extern D:\3.43\pic18-lt\cxx-framework\src\traditional\proc\p18f87j50.asm
                  CM2CON1   0x000fd1       data     extern D:\3.43\pic18-lt\cxx-framework\src\traditional\proc\p18f87j50.asm
               CM2CONbits   0x000fd1       data     extern D:\3.43\pic18-lt\cxx-framework\src\traditional\proc\p18f87j50.asm
              CM2CON1bits   0x000fd1       data     extern D:\3.43\pic18-lt\cxx-framework\src\traditional\proc\p18f87j50.asm
                   CM1CON   0x000fd2       data     extern D:\3.43\pic18-lt\cxx-framework\src\traditional\proc\p18f87j50.asm
               CM1CONbits   0x000fd2       data     extern D:\3.43\pic18-lt\cxx-framework\src\traditional\proc\p18f87j50.asm
              CM1CON1bits   0x000fd2       data     extern D:\3.43\pic18-lt\cxx-framework\src\traditional\proc\p18f87j50.asm
                  CM1CON1   0x000fd2       data     extern D:\3.43\pic18-lt\cxx-framework\src\traditional\proc\p18f87j50.asm
               OSCCONbits   0x000fd3       data     extern D:\3.43\pic18-lt\cxx-framework\src\traditional\proc\p18f87j50.asm
                   OSCCON   0x000fd3       data     extern D:\3.43\pic18-lt\cxx-framework\src\traditional\proc\p18f87j50.asm
              REFOCONbits   0x000fd3       data     extern D:\3.43\pic18-lt\cxx-framework\src\traditional\proc\p18f87j50.asm
                  REFOCON   0x000fd3       data     extern D:\3.43\pic18-lt\cxx-framework\src\traditional\proc\p18f87j50.asm
                    T0CON   0x000fd5       data     extern D:\3.43\pic18-lt\cxx-framework\src\traditional\proc\p18f87j50.asm
                T0CONbits   0x000fd5       data     extern D:\3.43\pic18-lt\cxx-framework\src\traditional\proc\p18f87j50.asm
                    TMR0L   0x000fd6       data     extern D:\3.43\pic18-lt\cxx-framework\src\traditional\proc\p18f87j50.asm
                    TMR0H   0x000fd7       data     extern D:\3.43\pic18-lt\cxx-framework\src\traditional\proc\p18f87j50.asm
                   STATUS   0x000fd8       data     extern D:\3.43\pic18-lt\cxx-framework\src\traditional\proc\p18f87j50.asm
               STATUSbits   0x000fd8       data     extern D:\3.43\pic18-lt\cxx-framework\src\traditional\proc\p18f87j50.asm
                    FSR2L   0x000fd9       data     extern D:\3.43\pic18-lt\cxx-framework\src\traditional\proc\p18f87j50.asm
                     FSR2   0x000fd9       data     extern D:\3.43\pic18-lt\cxx-framework\src\traditional\proc\p18f87j50.asm
                    FSR2H   0x000fda       data     extern D:\3.43\pic18-lt\cxx-framework\src\traditional\proc\p18f87j50.asm
                   PLUSW2   0x000fdb       data     extern D:\3.43\pic18-lt\cxx-framework\src\traditional\proc\p18f87j50.asm
                  PREINC2   0x000fdc       data     extern D:\3.43\pic18-lt\cxx-framework\src\traditional\proc\p18f87j50.asm
                 POSTDEC2   0x000fdd       data     extern D:\3.43\pic18-lt\cxx-framework\src\traditional\proc\p18f87j50.asm
                 POSTINC2   0x000fde       data     extern D:\3.43\pic18-lt\cxx-framework\src\traditional\proc\p18f87j50.asm
                    INDF2   0x000fdf       data     extern D:\3.43\pic18-lt\cxx-framework\src\traditional\proc\p18f87j50.asm
                      BSR   0x000fe0       data     extern D:\3.43\pic18-lt\cxx-framework\src\traditional\proc\p18f87j50.asm
                     FSR1   0x000fe1       data     extern D:\3.43\pic18-lt\cxx-framework\src\traditional\proc\p18f87j50.asm
                    FSR1L   0x000fe1       data     extern D:\3.43\pic18-lt\cxx-framework\src\traditional\proc\p18f87j50.asm
                    FSR1H   0x000fe2       data     extern D:\3.43\pic18-lt\cxx-framework\src\traditional\proc\p18f87j50.asm
                   PLUSW1   0x000fe3       data     extern D:\3.43\pic18-lt\cxx-framework\src\traditional\proc\p18f87j50.asm
                  PREINC1   0x000fe4       data     extern D:\3.43\pic18-lt\cxx-framework\src\traditional\proc\p18f87j50.asm
                 POSTDEC1   0x000fe5       data     extern D:\3.43\pic18-lt\cxx-framework\src\traditional\proc\p18f87j50.asm
                 POSTINC1   0x000fe6       data     extern D:\3.43\pic18-lt\cxx-framework\src\traditional\proc\p18f87j50.asm
                    INDF1   0x000fe7       data     extern D:\3.43\pic18-lt\cxx-framework\src\traditional\proc\p18f87j50.asm
                     WREG   0x000fe8       data     extern D:\3.43\pic18-lt\cxx-framework\src\traditional\proc\p18f87j50.asm
                     FSR0   0x000fe9       data     extern D:\3.43\pic18-lt\cxx-framework\src\traditional\proc\p18f87j50.asm
                    FSR0L   0x000fe9       data     extern D:\3.43\pic18-lt\cxx-framework\src\traditional\proc\p18f87j50.asm
                    FSR0H   0x000fea       data     extern D:\3.43\pic18-lt\cxx-framework\src\traditional\proc\p18f87j50.asm
                   PLUSW0   0x000feb       data     extern D:\3.43\pic18-lt\cxx-framework\src\traditional\proc\p18f87j50.asm
                  PREINC0   0x000fec       data     extern D:\3.43\pic18-lt\cxx-framework\src\traditional\proc\p18f87j50.asm
                 POSTDEC0   0x000fed       data     extern D:\3.43\pic18-lt\cxx-framework\src\traditional\proc\p18f87j50.asm
                 POSTINC0   0x000fee       data     extern D:\3.43\pic18-lt\cxx-framework\src\traditional\proc\p18f87j50.asm
                    INDF0   0x000fef       data     extern D:\3.43\pic18-lt\cxx-framework\src\traditional\proc\p18f87j50.asm
                  INTCON3   0x000ff0       data     extern D:\3.43\pic18-lt\cxx-framework\src\traditional\proc\p18f87j50.asm
              INTCON3bits   0x000ff0       data     extern D:\3.43\pic18-lt\cxx-framework\src\traditional\proc\p18f87j50.asm
                  INTCON2   0x000ff1       data     extern D:\3.43\pic18-lt\cxx-framework\src\traditional\proc\p18f87j50.asm
              INTCON2bits   0x000ff1       data     extern D:\3.43\pic18-lt\cxx-framework\src\traditional\proc\p18f87j50.asm
                   INTCON   0x000ff2       data     extern D:\3.43\pic18-lt\cxx-framework\src\traditional\proc\p18f87j50.asm
               INTCONbits   0x000ff2       data     extern D:\3.43\pic18-lt\cxx-framework\src\traditional\proc\p18f87j50.asm
                    PRODL   0x000ff3       data     extern D:\3.43\pic18-lt\cxx-framework\src\traditional\proc\p18f87j50.asm
                     PROD   0x000ff3       data     extern D:\3.43\pic18-lt\cxx-framework\src\traditional\proc\p18f87j50.asm
                    PRODH   0x000ff4       data     extern D:\3.43\pic18-lt\cxx-framework\src\traditional\proc\p18f87j50.asm
                   TABLAT   0x000ff5       data     extern D:\3.43\pic18-lt\cxx-framework\src\traditional\proc\p18f87j50.asm
                   TBLPTR   0x000ff6       data     extern D:\3.43\pic18-lt\cxx-framework\src\traditional\proc\p18f87j50.asm
                  TBLPTRL   0x000ff6       data     extern D:\3.43\pic18-lt\cxx-framework\src\traditional\proc\p18f87j50.asm
                  TBLPTRH   0x000ff7       data     extern D:\3.43\pic18-lt\cxx-framework\src\traditional\proc\p18f87j50.asm
                  TBLPTRU   0x000ff8       data     extern D:\3.43\pic18-lt\cxx-framework\src\traditional\proc\p18f87j50.asm
                       PC   0x000ff9       data     extern D:\3.43\pic18-lt\cxx-framework\src\traditional\proc\p18f87j50.asm
                      PCL   0x000ff9       data     extern D:\3.43\pic18-lt\cxx-framework\src\traditional\proc\p18f87j50.asm
                   PCLATH   0x000ffa       data     extern D:\3.43\pic18-lt\cxx-framework\src\traditional\proc\p18f87j50.asm
                   PCLATU   0x000ffb       data     extern D:\3.43\pic18-lt\cxx-framework\src\traditional\proc\p18f87j50.asm
                   STKPTR   0x000ffc       data     extern D:\3.43\pic18-lt\cxx-framework\src\traditional\proc\p18f87j50.asm
               STKPTRbits   0x000ffc       data     extern D:\3.43\pic18-lt\cxx-framework\src\traditional\proc\p18f87j50.asm
                     TOSL   0x000ffd       data     extern D:\3.43\pic18-lt\cxx-framework\src\traditional\proc\p18f87j50.asm
                      TOS   0x000ffd       data     extern D:\3.43\pic18-lt\cxx-framework\src\traditional\proc\p18f87j50.asm
                     TOSH   0x000ffe       data     extern D:\3.43\pic18-lt\cxx-framework\src\traditional\proc\p18f87j50.asm
                     TOSU   0x000fff       data     extern D:\3.43\pic18-lt\cxx-framework\src\traditional\proc\p18f87j50.asm


